[1/1000] v5-ref-00722add5c literal_evidence original success=True rate=4056.4/s eta=0s
[2/1000] v5-ref-00722add5c literal_evidence remove success=True rate=2448.5/s eta=0s
[3/1000] v5-ref-00722add5c literal_evidence reverse success=True rate=2089.1/s eta=0s
[4/1000] v5-ref-00722add5c literal_evidence substitute success=True rate=1950.8/s eta=1s
[5/1000] v5-ref-00722add5c skeptical_auditor original success=True rate=13.3/s eta=75s
[6/1000] v5-ref-00722add5c skeptical_auditor remove success=True rate=9.6/s eta=103s
[7/1000] v5-ref-00722add5c skeptical_auditor reverse success=True rate=7.4/s eta=133s
[8/1000] v5-ref-00722add5c skeptical_auditor substitute success=True rate=6.4/s eta=156s
[9/1000] v5-ref-00722add5c consistency_checker original success=True rate=5.7/s eta=173s
[10/1000] v5-ref-00722add5c consistency_checker remove success=True rate=5.5/s eta=179s
[11/1000] v5-ref-00722add5c consistency_checker reverse success=True rate=5.2/s eta=191s
[12/1000] v5-ref-00722add5c consistency_checker substitute success=True rate=4.9/s eta=200s
[13/1000] v5-ref-00722add5c counterfactual_reasoner original success=True rate=4.7/s eta=209s
[14/1000] v5-ref-00722add5c counterfactual_reasoner remove success=True rate=4.7/s eta=211s
[15/1000] v5-ref-00722add5c counterfactual_reasoner reverse success=True rate=4.5/s eta=217s
[16/1000] v5-ref-00722add5c counterfactual_reasoner substitute success=True rate=4.4/s eta=222s
[17/1000] v5-ref-00722add5c minimal_judge original success=True rate=4.3/s eta=227s
[18/1000] v5-ref-00722add5c minimal_judge remove success=True rate=4.3/s eta=227s
[19/1000] v5-ref-00722add5c minimal_judge reverse success=True rate=4.3/s eta=230s
[20/1000] v5-ref-00722add5c minimal_judge substitute success=True rate=4.2/s eta=233s
[21/1000] v5-ref-01176ffd0f literal_evidence original success=True rate=4.4/s eta=222s
[22/1000] v5-ref-01176ffd0f literal_evidence remove success=True rate=4.6/s eta=212s
[23/1000] v5-ref-01176ffd0f literal_evidence reverse success=True rate=4.8/s eta=202s
[24/1000] v5-ref-01176ffd0f literal_evidence substitute success=True rate=5.0/s eta=194s
[25/1000] v5-ref-01176ffd0f skeptical_auditor original success=True rate=4.9/s eta=198s
[26/1000] v5-ref-01176ffd0f skeptical_auditor remove success=True rate=4.9/s eta=199s
[27/1000] v5-ref-01176ffd0f skeptical_auditor reverse success=True rate=4.8/s eta=204s
[28/1000] v5-ref-01176ffd0f skeptical_auditor substitute success=True rate=4.7/s eta=207s
[29/1000] v5-ref-01176ffd0f consistency_checker original success=True rate=4.6/s eta=211s
[30/1000] v5-ref-01176ffd0f consistency_checker remove success=True rate=4.6/s eta=211s
[31/1000] v5-ref-01176ffd0f consistency_checker reverse success=True rate=4.5/s eta=214s
[32/1000] v5-ref-01176ffd0f consistency_checker substitute success=True rate=4.5/s eta=217s
[33/1000] v5-ref-01176ffd0f counterfactual_reasoner original success=True rate=4.4/s eta=220s
[34/1000] v5-ref-01176ffd0f counterfactual_reasoner remove success=True rate=4.4/s eta=220s
[35/1000] v5-ref-01176ffd0f counterfactual_reasoner reverse success=True rate=4.3/s eta=222s
[36/1000] v5-ref-01176ffd0f counterfactual_reasoner substitute success=True rate=4.3/s eta=224s
[37/1000] v5-ref-01176ffd0f minimal_judge original success=True rate=4.3/s eta=226s
[38/1000] v5-ref-01176ffd0f minimal_judge remove success=True rate=4.3/s eta=226s
[39/1000] v5-ref-01176ffd0f minimal_judge reverse success=True rate=4.2/s eta=227s
[40/1000] v5-ref-01176ffd0f minimal_judge substitute success=True rate=4.2/s eta=229s
[41/1000] v5-ref-011f7037bf literal_evidence original success=True rate=4.2/s eta=230s
[42/1000] v5-ref-011f7037bf literal_evidence remove success=True rate=4.2/s eta=230s
[43/1000] v5-ref-011f7037bf literal_evidence reverse success=True rate=4.1/s eta=232s
[44/1000] v5-ref-011f7037bf literal_evidence substitute success=True rate=4.1/s eta=233s
[45/1000] v5-ref-011f7037bf skeptical_auditor original success=True rate=4.1/s eta=234s
[46/1000] v5-ref-011f7037bf skeptical_auditor remove success=True rate=4.1/s eta=235s
[47/1000] v5-ref-011f7037bf skeptical_auditor reverse success=True rate=4.0/s eta=237s
[48/1000] v5-ref-011f7037bf skeptical_auditor substitute success=True rate=4.0/s eta=238s
[49/1000] v5-ref-011f7037bf consistency_checker original success=True rate=4.0/s eta=240s
[50/1000] v5-ref-011f7037bf consistency_checker remove success=True rate=4.0/s eta=239s
[51/1000] v5-ref-011f7037bf consistency_checker reverse success=True rate=3.9/s eta=241s
[52/1000] v5-ref-011f7037bf consistency_checker substitute success=True rate=3.9/s eta=242s
[53/1000] v5-ref-011f7037bf counterfactual_reasoner original success=True rate=3.9/s eta=243s
[54/1000] v5-ref-011f7037bf counterfactual_reasoner remove success=True rate=3.9/s eta=243s
[55/1000] v5-ref-011f7037bf counterfactual_reasoner reverse success=True rate=3.9/s eta=245s
[56/1000] v5-ref-011f7037bf counterfactual_reasoner substitute success=True rate=3.8/s eta=246s
[57/1000] v5-ref-011f7037bf minimal_judge original success=True rate=3.8/s eta=247s
[58/1000] v5-ref-011f7037bf minimal_judge remove success=True rate=3.8/s eta=247s
[59/1000] v5-ref-011f7037bf minimal_judge reverse success=True rate=3.8/s eta=248s
[60/1000] v5-ref-011f7037bf minimal_judge substitute success=True rate=3.8/s eta=249s
[61/1000] v5-ref-0124377a68 literal_evidence original success=True rate=3.8/s eta=250s
[62/1000] v5-ref-0124377a68 literal_evidence remove success=True rate=3.8/s eta=250s
[63/1000] v5-ref-0124377a68 literal_evidence reverse success=True rate=3.7/s eta=251s
[64/1000] v5-ref-0124377a68 literal_evidence substitute success=True rate=3.7/s eta=252s
[65/1000] v5-ref-0124377a68 skeptical_auditor original success=True rate=3.7/s eta=253s
[66/1000] v5-ref-0124377a68 skeptical_auditor remove success=True rate=3.7/s eta=252s
[67/1000] v5-ref-0124377a68 skeptical_auditor reverse success=True rate=3.7/s eta=253s
[68/1000] v5-ref-0124377a68 skeptical_auditor substitute success=True rate=3.7/s eta=249s
[69/1000] v5-ref-0124377a68 consistency_checker original success=True rate=3.7/s eta=250s
[70/1000] v5-ref-0124377a68 consistency_checker remove success=True rate=3.7/s eta=249s
[71/1000] v5-ref-0124377a68 consistency_checker reverse success=True rate=3.7/s eta=251s
[72/1000] v5-ref-0124377a68 consistency_checker substitute success=True rate=3.7/s eta=252s
[73/1000] v5-ref-0124377a68 counterfactual_reasoner original success=True rate=3.7/s eta=252s
[74/1000] v5-ref-0124377a68 counterfactual_reasoner remove success=True rate=3.7/s eta=252s
[75/1000] v5-ref-0124377a68 counterfactual_reasoner reverse success=True rate=3.7/s eta=252s
[76/1000] v5-ref-0124377a68 counterfactual_reasoner substitute success=True rate=3.7/s eta=253s
[77/1000] v5-ref-0124377a68 minimal_judge original success=True rate=3.6/s eta=253s
[78/1000] v5-ref-0124377a68 minimal_judge remove success=True rate=3.6/s eta=253s
[79/1000] v5-ref-0124377a68 minimal_judge reverse success=True rate=3.6/s eta=253s
[80/1000] v5-ref-0124377a68 minimal_judge substitute success=True rate=3.7/s eta=250s
[81/1000] v5-ref-01fefdabd2 literal_evidence original success=True rate=3.7/s eta=250s
[82/1000] v5-ref-01fefdabd2 literal_evidence remove success=True rate=3.7/s eta=250s
[83/1000] v5-ref-01fefdabd2 literal_evidence reverse success=True rate=3.7/s eta=250s
[84/1000] v5-ref-01fefdabd2 literal_evidence substitute success=True rate=3.7/s eta=250s
[85/1000] v5-ref-01fefdabd2 skeptical_auditor original success=True rate=3.6/s eta=251s
[86/1000] v5-ref-01fefdabd2 skeptical_auditor remove success=True rate=3.6/s eta=251s
[87/1000] v5-ref-01fefdabd2 skeptical_auditor reverse success=True rate=3.6/s eta=251s
[88/1000] v5-ref-01fefdabd2 skeptical_auditor substitute success=True rate=3.6/s eta=252s
[89/1000] v5-ref-01fefdabd2 consistency_checker original success=True rate=3.6/s eta=252s
[90/1000] v5-ref-01fefdabd2 consistency_checker remove success=True rate=3.6/s eta=252s
[91/1000] v5-ref-01fefdabd2 consistency_checker reverse success=True rate=3.6/s eta=252s
[92/1000] v5-ref-01fefdabd2 consistency_checker substitute success=True rate=3.6/s eta=252s
[93/1000] v5-ref-01fefdabd2 counterfactual_reasoner original success=True rate=3.6/s eta=252s
[94/1000] v5-ref-01fefdabd2 counterfactual_reasoner remove success=True rate=3.6/s eta=252s
[95/1000] v5-ref-01fefdabd2 counterfactual_reasoner reverse success=True rate=3.6/s eta=253s
[96/1000] v5-ref-01fefdabd2 counterfactual_reasoner substitute success=True rate=3.6/s eta=253s
[97/1000] v5-ref-01fefdabd2 minimal_judge original success=True rate=3.6/s eta=253s
[98/1000] v5-ref-01fefdabd2 minimal_judge remove success=True rate=3.6/s eta=253s
[99/1000] v5-ref-01fefdabd2 minimal_judge reverse success=True rate=3.6/s eta=253s
[100/1000] v5-ref-01fefdabd2 minimal_judge substitute success=True rate=3.5/s eta=254s
[101/1000] v5-ref-02e5bf57c3 literal_evidence original success=True rate=3.5/s eta=254s
[102/1000] v5-ref-02e5bf57c3 literal_evidence remove success=True rate=3.5/s eta=253s
[103/1000] v5-ref-02e5bf57c3 literal_evidence reverse success=True rate=3.5/s eta=253s
[104/1000] v5-ref-02e5bf57c3 literal_evidence substitute success=True rate=3.5/s eta=254s
[105/1000] v5-ref-02e5bf57c3 skeptical_auditor original success=True rate=3.5/s eta=254s
[106/1000] v5-ref-02e5bf57c3 skeptical_auditor remove success=True rate=3.5/s eta=254s
[107/1000] v5-ref-02e5bf57c3 skeptical_auditor reverse success=True rate=3.5/s eta=254s
[108/1000] v5-ref-02e5bf57c3 skeptical_auditor substitute success=True rate=3.5/s eta=254s
[109/1000] v5-ref-02e5bf57c3 consistency_checker original success=True rate=3.5/s eta=254s
[110/1000] v5-ref-02e5bf57c3 consistency_checker remove success=True rate=3.5/s eta=254s
[111/1000] v5-ref-02e5bf57c3 consistency_checker reverse success=True rate=3.5/s eta=254s
[112/1000] v5-ref-02e5bf57c3 consistency_checker substitute success=True rate=3.5/s eta=254s
[113/1000] v5-ref-02e5bf57c3 counterfactual_reasoner original success=True rate=3.5/s eta=254s
[114/1000] v5-ref-02e5bf57c3 counterfactual_reasoner remove success=True rate=3.5/s eta=254s
[115/1000] v5-ref-02e5bf57c3 counterfactual_reasoner reverse success=True rate=3.5/s eta=254s
[116/1000] v5-ref-02e5bf57c3 counterfactual_reasoner substitute success=True rate=3.5/s eta=254s
[117/1000] v5-ref-02e5bf57c3 minimal_judge original success=True rate=3.5/s eta=255s
[118/1000] v5-ref-02e5bf57c3 minimal_judge remove success=True rate=3.5/s eta=254s
[119/1000] v5-ref-02e5bf57c3 minimal_judge reverse success=True rate=3.5/s eta=254s
[120/1000] v5-ref-02e5bf57c3 minimal_judge substitute success=True rate=3.5/s eta=254s
[121/1000] v5-ref-03bc5ce7fc literal_evidence original success=True rate=3.5/s eta=254s
[122/1000] v5-ref-03bc5ce7fc literal_evidence remove success=True rate=3.5/s eta=254s
[123/1000] v5-ref-03bc5ce7fc literal_evidence reverse success=True rate=3.5/s eta=254s
[124/1000] v5-ref-03bc5ce7fc literal_evidence substitute success=True rate=3.5/s eta=254s
[125/1000] v5-ref-03bc5ce7fc skeptical_auditor original success=True rate=3.4/s eta=254s
[126/1000] v5-ref-03bc5ce7fc skeptical_auditor remove success=True rate=3.4/s eta=254s
[127/1000] v5-ref-03bc5ce7fc skeptical_auditor reverse success=True rate=3.4/s eta=254s
[128/1000] v5-ref-03bc5ce7fc skeptical_auditor substitute success=True rate=3.4/s eta=254s
[129/1000] v5-ref-03bc5ce7fc consistency_checker original success=True rate=3.4/s eta=254s
[130/1000] v5-ref-03bc5ce7fc consistency_checker remove success=True rate=3.4/s eta=253s
[131/1000] v5-ref-03bc5ce7fc consistency_checker reverse success=True rate=3.4/s eta=253s
[132/1000] v5-ref-03bc5ce7fc consistency_checker substitute success=True rate=3.4/s eta=253s
[133/1000] v5-ref-03bc5ce7fc counterfactual_reasoner original success=True rate=3.4/s eta=253s
[134/1000] v5-ref-03bc5ce7fc counterfactual_reasoner remove success=True rate=3.4/s eta=253s
[135/1000] v5-ref-03bc5ce7fc counterfactual_reasoner reverse success=True rate=3.4/s eta=253s
[136/1000] v5-ref-03bc5ce7fc counterfactual_reasoner substitute success=True rate=3.4/s eta=253s
[137/1000] v5-ref-03bc5ce7fc minimal_judge original success=True rate=3.4/s eta=253s
[138/1000] v5-ref-03bc5ce7fc minimal_judge remove success=True rate=3.4/s eta=253s
[139/1000] v5-ref-03bc5ce7fc minimal_judge reverse success=True rate=3.4/s eta=252s
[140/1000] v5-ref-03bc5ce7fc minimal_judge substitute success=True rate=3.4/s eta=252s
[141/1000] v5-ref-03d4ad072c literal_evidence original success=True rate=3.4/s eta=252s
[142/1000] v5-ref-03d4ad072c literal_evidence remove success=True rate=3.4/s eta=252s
[143/1000] v5-ref-03d4ad072c literal_evidence reverse success=True rate=3.4/s eta=252s
[144/1000] v5-ref-03d4ad072c literal_evidence substitute success=True rate=3.4/s eta=252s
[145/1000] v5-ref-03d4ad072c skeptical_auditor original success=True rate=3.4/s eta=252s
[146/1000] v5-ref-03d4ad072c skeptical_auditor remove success=True rate=3.4/s eta=252s
[147/1000] v5-ref-03d4ad072c skeptical_auditor reverse success=True rate=3.4/s eta=252s
[148/1000] v5-ref-03d4ad072c skeptical_auditor substitute success=True rate=3.4/s eta=252s
[149/1000] v5-ref-03d4ad072c consistency_checker original success=True rate=3.4/s eta=252s
[150/1000] v5-ref-03d4ad072c consistency_checker remove success=True rate=3.4/s eta=252s
[151/1000] v5-ref-03d4ad072c consistency_checker reverse success=True rate=3.4/s eta=252s
[152/1000] v5-ref-03d4ad072c consistency_checker substitute success=True rate=3.4/s eta=252s
[153/1000] v5-ref-03d4ad072c counterfactual_reasoner original success=True rate=3.4/s eta=252s
[154/1000] v5-ref-03d4ad072c counterfactual_reasoner remove success=True rate=3.4/s eta=251s
[155/1000] v5-ref-03d4ad072c counterfactual_reasoner reverse success=True rate=3.4/s eta=251s
[156/1000] v5-ref-03d4ad072c counterfactual_reasoner substitute success=True rate=3.4/s eta=251s
[157/1000] v5-ref-03d4ad072c minimal_judge original success=True rate=3.4/s eta=251s
[158/1000] v5-ref-03d4ad072c minimal_judge remove success=True rate=3.4/s eta=251s
[159/1000] v5-ref-03d4ad072c minimal_judge reverse success=True rate=3.4/s eta=251s
[160/1000] v5-ref-03d4ad072c minimal_judge substitute success=True rate=3.4/s eta=251s
[161/1000] v5-ref-04e39c2f2d literal_evidence original success=True rate=3.3/s eta=251s
[162/1000] v5-ref-04e39c2f2d literal_evidence remove success=True rate=3.3/s eta=250s
[163/1000] v5-ref-04e39c2f2d literal_evidence reverse success=True rate=3.3/s eta=250s
[164/1000] v5-ref-04e39c2f2d literal_evidence substitute success=True rate=3.3/s eta=250s
[165/1000] v5-ref-04e39c2f2d skeptical_auditor original success=True rate=3.3/s eta=250s
[166/1000] v5-ref-04e39c2f2d skeptical_auditor remove success=True rate=3.3/s eta=250s
[167/1000] v5-ref-04e39c2f2d skeptical_auditor reverse success=True rate=3.3/s eta=250s
[168/1000] v5-ref-04e39c2f2d skeptical_auditor substitute success=True rate=3.3/s eta=250s
[169/1000] v5-ref-04e39c2f2d consistency_checker original success=True rate=3.3/s eta=250s
[170/1000] v5-ref-04e39c2f2d consistency_checker remove success=True rate=3.3/s eta=250s
[171/1000] v5-ref-04e39c2f2d consistency_checker reverse success=True rate=3.3/s eta=250s
[172/1000] v5-ref-04e39c2f2d consistency_checker substitute success=True rate=3.3/s eta=250s
[173/1000] v5-ref-04e39c2f2d counterfactual_reasoner original success=True rate=3.3/s eta=249s
[174/1000] v5-ref-04e39c2f2d counterfactual_reasoner remove success=True rate=3.3/s eta=249s
[175/1000] v5-ref-04e39c2f2d counterfactual_reasoner reverse success=True rate=3.3/s eta=249s
[176/1000] v5-ref-04e39c2f2d counterfactual_reasoner substitute success=True rate=3.3/s eta=249s
[177/1000] v5-ref-04e39c2f2d minimal_judge original success=True rate=3.3/s eta=249s
[178/1000] v5-ref-04e39c2f2d minimal_judge remove success=True rate=3.3/s eta=249s
[179/1000] v5-ref-04e39c2f2d minimal_judge reverse success=True rate=3.3/s eta=248s
[180/1000] v5-ref-04e39c2f2d minimal_judge substitute success=True rate=3.3/s eta=248s
[181/1000] v5-ref-0526215597 literal_evidence original success=True rate=3.3/s eta=248s
[182/1000] v5-ref-0526215597 literal_evidence remove success=True rate=3.3/s eta=248s
[183/1000] v5-ref-0526215597 literal_evidence reverse success=True rate=3.3/s eta=248s
[184/1000] v5-ref-0526215597 literal_evidence substitute success=True rate=3.3/s eta=248s
[185/1000] v5-ref-0526215597 skeptical_auditor original success=True rate=3.3/s eta=248s
[186/1000] v5-ref-0526215597 skeptical_auditor remove success=True rate=3.3/s eta=248s
[187/1000] v5-ref-0526215597 skeptical_auditor reverse success=True rate=3.3/s eta=247s
[188/1000] v5-ref-0526215597 skeptical_auditor substitute success=True rate=3.3/s eta=247s
[189/1000] v5-ref-0526215597 consistency_checker original success=True rate=3.3/s eta=247s
[190/1000] v5-ref-0526215597 consistency_checker remove success=True rate=3.3/s eta=247s
[191/1000] v5-ref-0526215597 consistency_checker reverse success=True rate=3.3/s eta=247s
[192/1000] v5-ref-0526215597 consistency_checker substitute success=True rate=3.3/s eta=247s
[193/1000] v5-ref-0526215597 counterfactual_reasoner original success=True rate=3.3/s eta=247s
[194/1000] v5-ref-0526215597 counterfactual_reasoner remove success=True rate=3.3/s eta=246s
[195/1000] v5-ref-0526215597 counterfactual_reasoner reverse success=True rate=3.3/s eta=246s
[196/1000] v5-ref-0526215597 counterfactual_reasoner substitute success=True rate=3.3/s eta=246s
[197/1000] v5-ref-0526215597 minimal_judge original success=True rate=3.3/s eta=246s
[198/1000] v5-ref-0526215597 minimal_judge remove success=True rate=3.3/s eta=246s
[199/1000] v5-ref-0526215597 minimal_judge reverse success=True rate=3.3/s eta=246s
[200/1000] v5-ref-0526215597 minimal_judge substitute success=True rate=3.3/s eta=246s
[201/1000] v5-ref-0532780cb5 literal_evidence original success=True rate=3.3/s eta=245s
[202/1000] v5-ref-0532780cb5 literal_evidence remove success=True rate=3.3/s eta=245s
[203/1000] v5-ref-0532780cb5 literal_evidence reverse success=True rate=3.3/s eta=245s
[204/1000] v5-ref-0532780cb5 literal_evidence substitute success=True rate=3.3/s eta=245s
[205/1000] v5-ref-0532780cb5 skeptical_auditor original success=True rate=3.3/s eta=245s
[206/1000] v5-ref-0532780cb5 skeptical_auditor remove success=True rate=3.3/s eta=244s
[207/1000] v5-ref-0532780cb5 skeptical_auditor reverse success=True rate=3.2/s eta=244s
[208/1000] v5-ref-0532780cb5 skeptical_auditor substitute success=True rate=3.2/s eta=244s
[209/1000] v5-ref-0532780cb5 consistency_checker original success=True rate=3.2/s eta=244s
[210/1000] v5-ref-0532780cb5 consistency_checker remove success=True rate=3.2/s eta=244s
[211/1000] v5-ref-0532780cb5 consistency_checker reverse success=True rate=3.2/s eta=243s
[212/1000] v5-ref-0532780cb5 consistency_checker substitute success=True rate=3.2/s eta=243s
[213/1000] v5-ref-0532780cb5 counterfactual_reasoner original success=True rate=3.2/s eta=243s
[214/1000] v5-ref-0532780cb5 counterfactual_reasoner remove success=True rate=3.2/s eta=243s
[215/1000] v5-ref-0532780cb5 counterfactual_reasoner reverse success=True rate=3.2/s eta=243s
[216/1000] v5-ref-0532780cb5 counterfactual_reasoner substitute success=True rate=3.2/s eta=242s
[217/1000] v5-ref-0532780cb5 minimal_judge original success=True rate=3.2/s eta=242s
[218/1000] v5-ref-0532780cb5 minimal_judge remove success=True rate=3.2/s eta=242s
[219/1000] v5-ref-0532780cb5 minimal_judge reverse success=True rate=3.2/s eta=242s
[220/1000] v5-ref-0532780cb5 minimal_judge substitute success=True rate=3.2/s eta=242s
[221/1000] v5-ref-05eb9c9c8a literal_evidence original success=True rate=3.2/s eta=241s
[222/1000] v5-ref-05eb9c9c8a literal_evidence remove success=True rate=3.2/s eta=241s
[223/1000] v5-ref-05eb9c9c8a literal_evidence reverse success=True rate=3.2/s eta=241s
[224/1000] v5-ref-05eb9c9c8a literal_evidence substitute success=True rate=3.2/s eta=241s
[225/1000] v5-ref-05eb9c9c8a skeptical_auditor original success=True rate=3.2/s eta=241s
[226/1000] v5-ref-05eb9c9c8a skeptical_auditor remove success=True rate=3.2/s eta=241s
[227/1000] v5-ref-05eb9c9c8a skeptical_auditor reverse success=True rate=3.2/s eta=241s
[228/1000] v5-ref-05eb9c9c8a skeptical_auditor substitute success=True rate=3.2/s eta=241s
[229/1000] v5-ref-05eb9c9c8a consistency_checker original success=True rate=3.2/s eta=241s
[230/1000] v5-ref-05eb9c9c8a consistency_checker remove success=True rate=3.2/s eta=240s
[231/1000] v5-ref-05eb9c9c8a consistency_checker reverse success=True rate=3.2/s eta=240s
[232/1000] v5-ref-05eb9c9c8a consistency_checker substitute success=True rate=3.2/s eta=239s
[233/1000] v5-ref-05eb9c9c8a counterfactual_reasoner original success=True rate=3.2/s eta=239s
[234/1000] v5-ref-05eb9c9c8a counterfactual_reasoner remove success=True rate=3.2/s eta=238s
[235/1000] v5-ref-05eb9c9c8a counterfactual_reasoner reverse success=True rate=3.2/s eta=238s
[236/1000] v5-ref-05eb9c9c8a counterfactual_reasoner substitute success=True rate=3.2/s eta=238s
[237/1000] v5-ref-05eb9c9c8a minimal_judge original success=True rate=3.2/s eta=238s
[238/1000] v5-ref-05eb9c9c8a minimal_judge remove success=True rate=3.2/s eta=238s
[239/1000] v5-ref-05eb9c9c8a minimal_judge reverse success=True rate=3.2/s eta=237s
[240/1000] v5-ref-05eb9c9c8a minimal_judge substitute success=True rate=3.2/s eta=237s
[241/1000] v5-ref-065c55c5f9 literal_evidence original success=True rate=3.2/s eta=237s
[242/1000] v5-ref-065c55c5f9 literal_evidence remove success=True rate=3.2/s eta=237s
[243/1000] v5-ref-065c55c5f9 literal_evidence reverse success=True rate=3.2/s eta=237s
[244/1000] v5-ref-065c55c5f9 literal_evidence substitute success=True rate=3.2/s eta=237s
[245/1000] v5-ref-065c55c5f9 skeptical_auditor original success=True rate=3.2/s eta=237s
[246/1000] v5-ref-065c55c5f9 skeptical_auditor remove success=True rate=3.2/s eta=236s
[247/1000] v5-ref-065c55c5f9 skeptical_auditor reverse success=True rate=3.2/s eta=236s
[248/1000] v5-ref-065c55c5f9 skeptical_auditor substitute success=True rate=3.2/s eta=236s
[249/1000] v5-ref-065c55c5f9 consistency_checker original success=True rate=3.2/s eta=236s
[250/1000] v5-ref-065c55c5f9 consistency_checker remove success=True rate=3.2/s eta=236s
[251/1000] v5-ref-065c55c5f9 consistency_checker reverse success=True rate=3.2/s eta=236s
[252/1000] v5-ref-065c55c5f9 consistency_checker substitute success=True rate=3.2/s eta=236s
[253/1000] v5-ref-065c55c5f9 counterfactual_reasoner original success=True rate=3.2/s eta=236s
[254/1000] v5-ref-065c55c5f9 counterfactual_reasoner remove success=True rate=3.2/s eta=235s
[255/1000] v5-ref-065c55c5f9 counterfactual_reasoner reverse success=True rate=3.2/s eta=235s
[256/1000] v5-ref-065c55c5f9 counterfactual_reasoner substitute success=True rate=3.2/s eta=235s
[257/1000] v5-ref-065c55c5f9 minimal_judge original success=True rate=3.2/s eta=235s
[258/1000] v5-ref-065c55c5f9 minimal_judge remove success=True rate=3.2/s eta=234s
[259/1000] v5-ref-065c55c5f9 minimal_judge reverse success=True rate=3.2/s eta=234s
[260/1000] v5-ref-065c55c5f9 minimal_judge substitute success=True rate=3.2/s eta=234s
[261/1000] v5-ref-069b1e69f6 literal_evidence original success=True rate=3.2/s eta=234s
[262/1000] v5-ref-069b1e69f6 literal_evidence remove success=True rate=3.2/s eta=234s
[263/1000] v5-ref-069b1e69f6 literal_evidence reverse success=True rate=3.2/s eta=233s
[264/1000] v5-ref-069b1e69f6 literal_evidence substitute success=True rate=3.2/s eta=232s
[265/1000] v5-ref-069b1e69f6 skeptical_auditor original success=True rate=3.2/s eta=232s
[266/1000] v5-ref-069b1e69f6 skeptical_auditor remove success=True rate=3.2/s eta=232s
[267/1000] v5-ref-069b1e69f6 skeptical_auditor reverse success=True rate=3.2/s eta=231s
[268/1000] v5-ref-069b1e69f6 skeptical_auditor substitute success=True rate=3.2/s eta=230s
[269/1000] v5-ref-069b1e69f6 consistency_checker original success=True rate=3.2/s eta=230s
[270/1000] v5-ref-069b1e69f6 consistency_checker remove success=True rate=3.2/s eta=230s
[271/1000] v5-ref-069b1e69f6 consistency_checker reverse success=True rate=3.2/s eta=230s
[272/1000] v5-ref-069b1e69f6 consistency_checker substitute success=True rate=3.2/s eta=228s
[273/1000] v5-ref-069b1e69f6 counterfactual_reasoner original success=True rate=3.2/s eta=228s
[274/1000] v5-ref-069b1e69f6 counterfactual_reasoner remove success=True rate=3.2/s eta=228s
[275/1000] v5-ref-069b1e69f6 counterfactual_reasoner reverse success=True rate=3.2/s eta=228s
[276/1000] v5-ref-069b1e69f6 counterfactual_reasoner substitute success=True rate=3.2/s eta=227s
[277/1000] v5-ref-069b1e69f6 minimal_judge original success=True rate=3.2/s eta=226s
[278/1000] v5-ref-069b1e69f6 minimal_judge remove success=True rate=3.2/s eta=226s
[279/1000] v5-ref-069b1e69f6 minimal_judge reverse success=True rate=3.2/s eta=226s
[280/1000] v5-ref-069b1e69f6 minimal_judge substitute success=True rate=3.2/s eta=225s
[281/1000] v5-ref-07039a6629 literal_evidence original success=True rate=3.2/s eta=225s
[282/1000] v5-ref-07039a6629 literal_evidence remove success=True rate=3.2/s eta=224s
[283/1000] v5-ref-07039a6629 literal_evidence reverse success=True rate=3.2/s eta=224s
[284/1000] v5-ref-07039a6629 literal_evidence substitute success=True rate=3.2/s eta=224s
[285/1000] v5-ref-07039a6629 skeptical_auditor original success=True rate=3.2/s eta=224s
[286/1000] v5-ref-07039a6629 skeptical_auditor remove success=True rate=3.2/s eta=223s
[287/1000] v5-ref-07039a6629 skeptical_auditor reverse success=True rate=3.2/s eta=223s
[288/1000] v5-ref-07039a6629 skeptical_auditor substitute success=True rate=3.2/s eta=223s
[289/1000] v5-ref-07039a6629 consistency_checker original success=True rate=3.2/s eta=223s
[290/1000] v5-ref-07039a6629 consistency_checker remove success=True rate=3.2/s eta=222s
[291/1000] v5-ref-07039a6629 consistency_checker reverse success=True rate=3.2/s eta=222s
[292/1000] v5-ref-07039a6629 consistency_checker substitute success=True rate=3.2/s eta=222s
[293/1000] v5-ref-07039a6629 counterfactual_reasoner original success=True rate=3.2/s eta=222s
[294/1000] v5-ref-07039a6629 counterfactual_reasoner remove success=True rate=3.2/s eta=222s
[295/1000] v5-ref-07039a6629 counterfactual_reasoner reverse success=True rate=3.2/s eta=221s
[296/1000] v5-ref-07039a6629 counterfactual_reasoner substitute success=True rate=3.2/s eta=221s
[297/1000] v5-ref-07039a6629 minimal_judge original success=True rate=3.2/s eta=221s
[298/1000] v5-ref-07039a6629 minimal_judge remove success=True rate=3.2/s eta=221s
[299/1000] v5-ref-07039a6629 minimal_judge reverse success=True rate=3.2/s eta=221s
[300/1000] v5-ref-07039a6629 minimal_judge substitute success=True rate=3.2/s eta=220s
[301/1000] v5-ref-071faf1b6b literal_evidence original success=True rate=3.2/s eta=220s
[302/1000] v5-ref-071faf1b6b literal_evidence remove success=True rate=3.2/s eta=220s
[303/1000] v5-ref-071faf1b6b literal_evidence reverse success=True rate=3.2/s eta=220s
[304/1000] v5-ref-071faf1b6b literal_evidence substitute success=True rate=3.2/s eta=219s
[305/1000] v5-ref-071faf1b6b skeptical_auditor original success=True rate=3.2/s eta=219s
[306/1000] v5-ref-071faf1b6b skeptical_auditor remove success=True rate=3.2/s eta=219s
[307/1000] v5-ref-071faf1b6b skeptical_auditor reverse success=True rate=3.2/s eta=219s
[308/1000] v5-ref-071faf1b6b skeptical_auditor substitute success=True rate=3.2/s eta=219s
[309/1000] v5-ref-071faf1b6b consistency_checker original success=True rate=3.2/s eta=218s
[310/1000] v5-ref-071faf1b6b consistency_checker remove success=True rate=3.2/s eta=218s
[311/1000] v5-ref-071faf1b6b consistency_checker reverse success=True rate=3.2/s eta=218s
[312/1000] v5-ref-071faf1b6b consistency_checker substitute success=True rate=3.2/s eta=218s
[313/1000] v5-ref-071faf1b6b counterfactual_reasoner original success=True rate=3.2/s eta=217s
[314/1000] v5-ref-071faf1b6b counterfactual_reasoner remove success=True rate=3.2/s eta=217s
[315/1000] v5-ref-071faf1b6b counterfactual_reasoner reverse success=True rate=3.2/s eta=217s
[316/1000] v5-ref-071faf1b6b counterfactual_reasoner substitute success=True rate=3.2/s eta=217s
[317/1000] v5-ref-071faf1b6b minimal_judge original success=True rate=3.2/s eta=216s
[318/1000] v5-ref-071faf1b6b minimal_judge remove success=True rate=3.2/s eta=216s
[319/1000] v5-ref-071faf1b6b minimal_judge reverse success=True rate=3.2/s eta=216s
[320/1000] v5-ref-071faf1b6b minimal_judge substitute success=True rate=3.2/s eta=216s
[321/1000] v5-ref-07413a43ff literal_evidence original success=True rate=3.2/s eta=215s
[322/1000] v5-ref-07413a43ff literal_evidence remove success=True rate=3.2/s eta=215s
[323/1000] v5-ref-07413a43ff literal_evidence reverse success=True rate=3.2/s eta=215s
[324/1000] v5-ref-07413a43ff literal_evidence substitute success=True rate=3.2/s eta=214s
[325/1000] v5-ref-07413a43ff skeptical_auditor original success=True rate=3.2/s eta=214s
[326/1000] v5-ref-07413a43ff skeptical_auditor remove success=True rate=3.2/s eta=214s
[327/1000] v5-ref-07413a43ff skeptical_auditor reverse success=True rate=3.1/s eta=214s
[328/1000] v5-ref-07413a43ff skeptical_auditor substitute success=True rate=3.1/s eta=214s
[329/1000] v5-ref-07413a43ff consistency_checker original success=True rate=3.1/s eta=213s
[330/1000] v5-ref-07413a43ff consistency_checker remove success=True rate=3.1/s eta=213s
[331/1000] v5-ref-07413a43ff consistency_checker reverse success=True rate=3.1/s eta=213s
[332/1000] v5-ref-07413a43ff consistency_checker substitute success=True rate=3.1/s eta=212s
[333/1000] v5-ref-07413a43ff counterfactual_reasoner original success=True rate=3.1/s eta=212s
[334/1000] v5-ref-07413a43ff counterfactual_reasoner remove success=True rate=3.1/s eta=212s
[335/1000] v5-ref-07413a43ff counterfactual_reasoner reverse success=True rate=3.1/s eta=212s
[336/1000] v5-ref-07413a43ff counterfactual_reasoner substitute success=True rate=3.1/s eta=212s
[337/1000] v5-ref-07413a43ff minimal_judge original success=True rate=3.1/s eta=211s
[338/1000] v5-ref-07413a43ff minimal_judge remove success=True rate=3.1/s eta=211s
[339/1000] v5-ref-07413a43ff minimal_judge reverse success=True rate=3.1/s eta=211s
[340/1000] v5-ref-07413a43ff minimal_judge substitute success=True rate=3.1/s eta=210s
[341/1000] v5-ref-075641988b literal_evidence original success=True rate=3.1/s eta=210s
[342/1000] v5-ref-075641988b literal_evidence remove success=True rate=3.1/s eta=210s
[343/1000] v5-ref-075641988b literal_evidence reverse success=True rate=3.1/s eta=210s
[344/1000] v5-ref-075641988b literal_evidence substitute success=True rate=3.1/s eta=209s
[345/1000] v5-ref-075641988b skeptical_auditor original success=True rate=3.1/s eta=209s
[346/1000] v5-ref-075641988b skeptical_auditor remove success=True rate=3.1/s eta=209s
[347/1000] v5-ref-075641988b skeptical_auditor reverse success=True rate=3.1/s eta=209s
[348/1000] v5-ref-075641988b skeptical_auditor substitute success=True rate=3.1/s eta=208s
[349/1000] v5-ref-075641988b consistency_checker original success=True rate=3.1/s eta=208s
[350/1000] v5-ref-075641988b consistency_checker remove success=True rate=3.1/s eta=208s
[351/1000] v5-ref-075641988b consistency_checker reverse success=True rate=3.1/s eta=207s
[352/1000] v5-ref-075641988b consistency_checker substitute success=True rate=3.1/s eta=207s
[353/1000] v5-ref-075641988b counterfactual_reasoner original success=True rate=3.1/s eta=207s
[354/1000] v5-ref-075641988b counterfactual_reasoner remove success=True rate=3.1/s eta=207s
[355/1000] v5-ref-075641988b counterfactual_reasoner reverse success=True rate=3.1/s eta=206s
[356/1000] v5-ref-075641988b counterfactual_reasoner substitute success=True rate=3.1/s eta=206s
[357/1000] v5-ref-075641988b minimal_judge original success=True rate=3.1/s eta=206s
[358/1000] v5-ref-075641988b minimal_judge remove success=True rate=3.1/s eta=206s
[359/1000] v5-ref-075641988b minimal_judge reverse success=True rate=3.1/s eta=205s
[360/1000] v5-ref-075641988b minimal_judge substitute success=True rate=3.1/s eta=205s
[361/1000] v5-ref-0789590583 literal_evidence original success=True rate=3.1/s eta=205s
[362/1000] v5-ref-0789590583 literal_evidence remove success=True rate=3.1/s eta=204s
[363/1000] v5-ref-0789590583 literal_evidence reverse success=True rate=3.1/s eta=204s
[364/1000] v5-ref-0789590583 literal_evidence substitute success=True rate=3.1/s eta=204s
[365/1000] v5-ref-0789590583 skeptical_auditor original success=True rate=3.1/s eta=204s
[366/1000] v5-ref-0789590583 skeptical_auditor remove success=True rate=3.1/s eta=203s
[367/1000] v5-ref-0789590583 skeptical_auditor reverse success=True rate=3.1/s eta=203s
[368/1000] v5-ref-0789590583 skeptical_auditor substitute success=True rate=3.1/s eta=203s
[369/1000] v5-ref-0789590583 consistency_checker original success=True rate=3.1/s eta=203s
[370/1000] v5-ref-0789590583 consistency_checker remove success=True rate=3.1/s eta=202s
[371/1000] v5-ref-0789590583 consistency_checker reverse success=True rate=3.1/s eta=202s
[372/1000] v5-ref-0789590583 consistency_checker substitute success=True rate=3.1/s eta=202s
[373/1000] v5-ref-0789590583 counterfactual_reasoner original success=True rate=3.1/s eta=202s
[374/1000] v5-ref-0789590583 counterfactual_reasoner remove success=True rate=3.1/s eta=201s
[375/1000] v5-ref-0789590583 counterfactual_reasoner reverse success=True rate=3.1/s eta=201s
[376/1000] v5-ref-0789590583 counterfactual_reasoner substitute success=True rate=3.1/s eta=201s
[377/1000] v5-ref-0789590583 minimal_judge original success=True rate=3.1/s eta=201s
[378/1000] v5-ref-0789590583 minimal_judge remove success=True rate=3.1/s eta=200s
[379/1000] v5-ref-0789590583 minimal_judge reverse success=True rate=3.1/s eta=200s
[380/1000] v5-ref-0789590583 minimal_judge substitute success=True rate=3.1/s eta=200s
[381/1000] v5-ref-086fd43e5d literal_evidence original success=True rate=3.1/s eta=200s
[382/1000] v5-ref-086fd43e5d literal_evidence remove success=True rate=3.1/s eta=199s
[383/1000] v5-ref-086fd43e5d literal_evidence reverse success=True rate=3.1/s eta=199s
[384/1000] v5-ref-086fd43e5d literal_evidence substitute success=True rate=3.1/s eta=199s
[385/1000] v5-ref-086fd43e5d skeptical_auditor original success=True rate=3.1/s eta=198s
[386/1000] v5-ref-086fd43e5d skeptical_auditor remove success=True rate=3.1/s eta=198s
[387/1000] v5-ref-086fd43e5d skeptical_auditor reverse success=True rate=3.1/s eta=198s
[388/1000] v5-ref-086fd43e5d skeptical_auditor substitute success=True rate=3.1/s eta=198s
[389/1000] v5-ref-086fd43e5d consistency_checker original success=True rate=3.1/s eta=197s
[390/1000] v5-ref-086fd43e5d consistency_checker remove success=True rate=3.1/s eta=197s
[391/1000] v5-ref-086fd43e5d consistency_checker reverse success=True rate=3.1/s eta=197s
[392/1000] v5-ref-086fd43e5d consistency_checker substitute success=True rate=3.1/s eta=197s
[393/1000] v5-ref-086fd43e5d counterfactual_reasoner original success=True rate=3.1/s eta=196s
[394/1000] v5-ref-086fd43e5d counterfactual_reasoner remove success=True rate=3.1/s eta=196s
[395/1000] v5-ref-086fd43e5d counterfactual_reasoner reverse success=True rate=3.1/s eta=196s
[396/1000] v5-ref-086fd43e5d counterfactual_reasoner substitute success=True rate=3.1/s eta=195s
[397/1000] v5-ref-086fd43e5d minimal_judge original success=True rate=3.1/s eta=195s
[398/1000] v5-ref-086fd43e5d minimal_judge remove success=True rate=3.1/s eta=195s
[399/1000] v5-ref-086fd43e5d minimal_judge reverse success=True rate=3.1/s eta=195s
[400/1000] v5-ref-086fd43e5d minimal_judge substitute success=True rate=3.1/s eta=194s
[401/1000] v5-ref-08e8b3f404 literal_evidence original success=True rate=3.1/s eta=194s
[402/1000] v5-ref-08e8b3f404 literal_evidence remove success=True rate=3.1/s eta=194s
[403/1000] v5-ref-08e8b3f404 literal_evidence reverse success=True rate=3.1/s eta=193s
[404/1000] v5-ref-08e8b3f404 literal_evidence substitute success=True rate=3.1/s eta=193s
[405/1000] v5-ref-08e8b3f404 skeptical_auditor original success=True rate=3.1/s eta=193s
[406/1000] v5-ref-08e8b3f404 skeptical_auditor remove success=True rate=3.1/s eta=192s
[407/1000] v5-ref-08e8b3f404 skeptical_auditor reverse success=True rate=3.1/s eta=192s
[408/1000] v5-ref-08e8b3f404 skeptical_auditor substitute success=True rate=3.1/s eta=192s
[409/1000] v5-ref-08e8b3f404 consistency_checker original success=True rate=3.1/s eta=192s
[410/1000] v5-ref-08e8b3f404 consistency_checker remove success=True rate=3.1/s eta=191s
[411/1000] v5-ref-08e8b3f404 consistency_checker reverse success=True rate=3.1/s eta=191s
[412/1000] v5-ref-08e8b3f404 consistency_checker substitute success=True rate=3.1/s eta=191s
[413/1000] v5-ref-08e8b3f404 counterfactual_reasoner original success=True rate=3.1/s eta=191s
[414/1000] v5-ref-08e8b3f404 counterfactual_reasoner remove success=True rate=3.1/s eta=190s
[415/1000] v5-ref-08e8b3f404 counterfactual_reasoner reverse success=True rate=3.1/s eta=190s
[416/1000] v5-ref-08e8b3f404 counterfactual_reasoner substitute success=True rate=3.1/s eta=190s
[417/1000] v5-ref-08e8b3f404 minimal_judge original success=True rate=3.1/s eta=190s
[418/1000] v5-ref-08e8b3f404 minimal_judge remove success=True rate=3.1/s eta=189s
[419/1000] v5-ref-08e8b3f404 minimal_judge reverse success=True rate=3.1/s eta=189s
[420/1000] v5-ref-08e8b3f404 minimal_judge substitute success=True rate=3.1/s eta=189s
[421/1000] v5-ref-08ece88e62 literal_evidence original success=True rate=3.1/s eta=189s
[422/1000] v5-ref-08ece88e62 literal_evidence remove success=True rate=3.1/s eta=188s
[423/1000] v5-ref-08ece88e62 literal_evidence reverse success=True rate=3.1/s eta=188s
[424/1000] v5-ref-08ece88e62 literal_evidence substitute success=True rate=3.1/s eta=188s
[425/1000] v5-ref-08ece88e62 skeptical_auditor original success=True rate=3.1/s eta=187s
[426/1000] v5-ref-08ece88e62 skeptical_auditor remove success=True rate=3.1/s eta=187s
[427/1000] v5-ref-08ece88e62 skeptical_auditor reverse success=True rate=3.1/s eta=187s
[428/1000] v5-ref-08ece88e62 skeptical_auditor substitute success=True rate=3.1/s eta=187s
[429/1000] v5-ref-08ece88e62 consistency_checker original success=True rate=3.1/s eta=186s
[430/1000] v5-ref-08ece88e62 consistency_checker remove success=True rate=3.1/s eta=186s
[431/1000] v5-ref-08ece88e62 consistency_checker reverse success=True rate=3.1/s eta=186s
[432/1000] v5-ref-08ece88e62 consistency_checker substitute success=True rate=3.1/s eta=185s
[433/1000] v5-ref-08ece88e62 counterfactual_reasoner original success=True rate=3.1/s eta=185s
[434/1000] v5-ref-08ece88e62 counterfactual_reasoner remove success=True rate=3.1/s eta=185s
[435/1000] v5-ref-08ece88e62 counterfactual_reasoner reverse success=True rate=3.1/s eta=184s
[436/1000] v5-ref-08ece88e62 counterfactual_reasoner substitute success=True rate=3.1/s eta=184s
[437/1000] v5-ref-08ece88e62 minimal_judge original success=True rate=3.1/s eta=184s
[438/1000] v5-ref-08ece88e62 minimal_judge remove success=True rate=3.1/s eta=184s
[439/1000] v5-ref-08ece88e62 minimal_judge reverse success=True rate=3.1/s eta=183s
[440/1000] v5-ref-08ece88e62 minimal_judge substitute success=True rate=3.1/s eta=183s
[441/1000] v5-ref-08f8b9ac30 literal_evidence original success=True rate=3.1/s eta=183s
[442/1000] v5-ref-08f8b9ac30 literal_evidence remove success=True rate=3.1/s eta=182s
[443/1000] v5-ref-08f8b9ac30 literal_evidence reverse success=True rate=3.1/s eta=182s
[444/1000] v5-ref-08f8b9ac30 literal_evidence substitute success=True rate=3.1/s eta=182s
[445/1000] v5-ref-08f8b9ac30 skeptical_auditor original success=True rate=3.1/s eta=181s
[446/1000] v5-ref-08f8b9ac30 skeptical_auditor remove success=True rate=3.1/s eta=181s
[447/1000] v5-ref-08f8b9ac30 skeptical_auditor reverse success=True rate=3.1/s eta=181s
[448/1000] v5-ref-08f8b9ac30 skeptical_auditor substitute success=True rate=3.1/s eta=181s
[449/1000] v5-ref-08f8b9ac30 consistency_checker original success=True rate=3.1/s eta=180s
[450/1000] v5-ref-08f8b9ac30 consistency_checker remove success=True rate=3.1/s eta=180s
[451/1000] v5-ref-08f8b9ac30 consistency_checker reverse success=True rate=3.1/s eta=180s
[452/1000] v5-ref-08f8b9ac30 consistency_checker substitute success=True rate=3.1/s eta=179s
[453/1000] v5-ref-08f8b9ac30 counterfactual_reasoner original success=True rate=3.1/s eta=179s
[454/1000] v5-ref-08f8b9ac30 counterfactual_reasoner remove success=True rate=3.1/s eta=179s
[455/1000] v5-ref-08f8b9ac30 counterfactual_reasoner reverse success=True rate=3.1/s eta=178s
[456/1000] v5-ref-08f8b9ac30 counterfactual_reasoner substitute success=True rate=3.1/s eta=178s
[457/1000] v5-ref-08f8b9ac30 minimal_judge original success=True rate=3.1/s eta=178s
[458/1000] v5-ref-08f8b9ac30 minimal_judge remove success=True rate=3.1/s eta=177s
[459/1000] v5-ref-08f8b9ac30 minimal_judge reverse success=True rate=3.1/s eta=177s
[460/1000] v5-ref-08f8b9ac30 minimal_judge substitute success=True rate=3.1/s eta=177s
[461/1000] v5-ref-0929669aa9 literal_evidence original success=True rate=3.1/s eta=177s
[462/1000] v5-ref-0929669aa9 literal_evidence remove success=True rate=3.1/s eta=176s
[463/1000] v5-ref-0929669aa9 literal_evidence reverse success=True rate=3.1/s eta=176s
[464/1000] v5-ref-0929669aa9 literal_evidence substitute success=True rate=3.0/s eta=176s
[465/1000] v5-ref-0929669aa9 skeptical_auditor original success=True rate=3.0/s eta=175s
[466/1000] v5-ref-0929669aa9 skeptical_auditor remove success=True rate=3.0/s eta=175s
[467/1000] v5-ref-0929669aa9 skeptical_auditor reverse success=True rate=3.0/s eta=175s
[468/1000] v5-ref-0929669aa9 skeptical_auditor substitute success=True rate=3.0/s eta=175s
[469/1000] v5-ref-0929669aa9 consistency_checker original success=True rate=3.0/s eta=174s
[470/1000] v5-ref-0929669aa9 consistency_checker remove success=True rate=3.0/s eta=174s
[471/1000] v5-ref-0929669aa9 consistency_checker reverse success=True rate=3.0/s eta=174s
[472/1000] v5-ref-0929669aa9 consistency_checker substitute success=True rate=3.1/s eta=173s
[473/1000] v5-ref-0929669aa9 counterfactual_reasoner original success=True rate=3.0/s eta=173s
[474/1000] v5-ref-0929669aa9 counterfactual_reasoner remove success=True rate=3.1/s eta=172s
[475/1000] v5-ref-0929669aa9 counterfactual_reasoner reverse success=True rate=3.0/s eta=172s
[476/1000] v5-ref-0929669aa9 counterfactual_reasoner substitute success=True rate=3.0/s eta=172s
[477/1000] v5-ref-0929669aa9 minimal_judge original success=True rate=3.0/s eta=172s
[478/1000] v5-ref-0929669aa9 minimal_judge remove success=True rate=3.0/s eta=171s
[479/1000] v5-ref-0929669aa9 minimal_judge reverse success=True rate=3.0/s eta=171s
[480/1000] v5-ref-0929669aa9 minimal_judge substitute success=True rate=3.0/s eta=171s
[481/1000] v5-ref-093d1c158f literal_evidence original success=True rate=3.0/s eta=171s
[482/1000] v5-ref-093d1c158f literal_evidence remove success=True rate=3.0/s eta=170s
[483/1000] v5-ref-093d1c158f literal_evidence reverse success=True rate=3.0/s eta=170s
[484/1000] v5-ref-093d1c158f literal_evidence substitute success=True rate=3.0/s eta=170s
[485/1000] v5-ref-093d1c158f skeptical_auditor original success=True rate=3.0/s eta=169s
[486/1000] v5-ref-093d1c158f skeptical_auditor remove success=True rate=3.0/s eta=169s
[487/1000] v5-ref-093d1c158f skeptical_auditor reverse success=True rate=3.0/s eta=169s
[488/1000] v5-ref-093d1c158f skeptical_auditor substitute success=True rate=3.0/s eta=169s
[489/1000] v5-ref-093d1c158f consistency_checker original success=True rate=3.0/s eta=168s
[490/1000] v5-ref-093d1c158f consistency_checker remove success=True rate=3.0/s eta=168s
[491/1000] v5-ref-093d1c158f consistency_checker reverse success=True rate=3.0/s eta=168s
[492/1000] v5-ref-093d1c158f consistency_checker substitute success=True rate=3.0/s eta=167s
[493/1000] v5-ref-093d1c158f counterfactual_reasoner original success=True rate=3.0/s eta=167s
[494/1000] v5-ref-093d1c158f counterfactual_reasoner remove success=True rate=3.0/s eta=167s
[495/1000] v5-ref-093d1c158f counterfactual_reasoner reverse success=True rate=3.0/s eta=166s
[496/1000] v5-ref-093d1c158f counterfactual_reasoner substitute success=True rate=3.0/s eta=166s
[497/1000] v5-ref-093d1c158f minimal_judge original success=True rate=3.0/s eta=166s
[498/1000] v5-ref-093d1c158f minimal_judge remove success=True rate=3.0/s eta=166s
[499/1000] v5-ref-093d1c158f minimal_judge reverse success=True rate=3.0/s eta=165s
[500/1000] v5-ref-093d1c158f minimal_judge substitute success=True rate=3.0/s eta=165s
[501/1000] v5-sup-00722add5c literal_evidence original success=True rate=3.0/s eta=165s
[502/1000] v5-sup-00722add5c literal_evidence remove success=True rate=3.0/s eta=164s
[503/1000] v5-sup-00722add5c literal_evidence reverse success=True rate=3.0/s eta=164s
[504/1000] v5-sup-00722add5c literal_evidence substitute success=True rate=3.0/s eta=164s
[505/1000] v5-sup-00722add5c skeptical_auditor original success=True rate=3.0/s eta=164s
[506/1000] v5-sup-00722add5c skeptical_auditor remove success=True rate=3.0/s eta=163s
[507/1000] v5-sup-00722add5c skeptical_auditor reverse success=True rate=3.0/s eta=163s
[508/1000] v5-sup-00722add5c skeptical_auditor substitute success=True rate=3.0/s eta=163s
[509/1000] v5-sup-00722add5c consistency_checker original success=True rate=3.0/s eta=163s
[510/1000] v5-sup-00722add5c consistency_checker remove success=True rate=3.0/s eta=162s
[511/1000] v5-sup-00722add5c consistency_checker reverse success=True rate=3.0/s eta=162s
[512/1000] v5-sup-00722add5c consistency_checker substitute success=True rate=3.0/s eta=162s
[513/1000] v5-sup-00722add5c counterfactual_reasoner original success=True rate=3.0/s eta=161s
[514/1000] v5-sup-00722add5c counterfactual_reasoner remove success=True rate=3.0/s eta=161s
[515/1000] v5-sup-00722add5c counterfactual_reasoner reverse success=True rate=3.0/s eta=161s
[516/1000] v5-sup-00722add5c counterfactual_reasoner substitute success=True rate=3.0/s eta=160s
[517/1000] v5-sup-00722add5c minimal_judge original success=True rate=3.0/s eta=160s
[518/1000] v5-sup-00722add5c minimal_judge remove success=True rate=3.0/s eta=160s
[519/1000] v5-sup-00722add5c minimal_judge reverse success=True rate=3.0/s eta=159s
[520/1000] v5-sup-00722add5c minimal_judge substitute success=True rate=3.0/s eta=159s
[521/1000] v5-sup-01176ffd0f literal_evidence original success=True rate=3.0/s eta=159s
[522/1000] v5-sup-01176ffd0f literal_evidence remove success=True rate=3.0/s eta=159s
[523/1000] v5-sup-01176ffd0f literal_evidence reverse success=True rate=3.0/s eta=158s
[524/1000] v5-sup-01176ffd0f literal_evidence substitute success=True rate=3.0/s eta=158s
[525/1000] v5-sup-01176ffd0f skeptical_auditor original success=True rate=3.0/s eta=158s
[526/1000] v5-sup-01176ffd0f skeptical_auditor remove success=True rate=3.0/s eta=158s
[527/1000] v5-sup-01176ffd0f skeptical_auditor reverse success=True rate=3.0/s eta=157s
[528/1000] v5-sup-01176ffd0f skeptical_auditor substitute success=True rate=3.0/s eta=157s
[529/1000] v5-sup-01176ffd0f consistency_checker original success=True rate=3.0/s eta=157s
[530/1000] v5-sup-01176ffd0f consistency_checker remove success=True rate=3.0/s eta=156s
[531/1000] v5-sup-01176ffd0f consistency_checker reverse success=True rate=3.0/s eta=156s
[532/1000] v5-sup-01176ffd0f consistency_checker substitute success=True rate=3.0/s eta=156s
[533/1000] v5-sup-01176ffd0f counterfactual_reasoner original success=True rate=3.0/s eta=156s
[534/1000] v5-sup-01176ffd0f counterfactual_reasoner remove success=True rate=3.0/s eta=155s
[535/1000] v5-sup-01176ffd0f counterfactual_reasoner reverse success=True rate=3.0/s eta=155s
[536/1000] v5-sup-01176ffd0f counterfactual_reasoner substitute success=True rate=3.0/s eta=155s
[537/1000] v5-sup-01176ffd0f minimal_judge original success=True rate=3.0/s eta=154s
[538/1000] v5-sup-01176ffd0f minimal_judge remove success=True rate=3.0/s eta=154s
[539/1000] v5-sup-01176ffd0f minimal_judge reverse success=True rate=3.0/s eta=154s
[540/1000] v5-sup-01176ffd0f minimal_judge substitute success=True rate=3.0/s eta=154s
[541/1000] v5-sup-011f7037bf literal_evidence original success=True rate=3.0/s eta=153s
[542/1000] v5-sup-011f7037bf literal_evidence remove success=True rate=3.0/s eta=153s
[543/1000] v5-sup-011f7037bf literal_evidence reverse success=True rate=3.0/s eta=153s
[544/1000] v5-sup-011f7037bf literal_evidence substitute success=True rate=3.0/s eta=152s
[545/1000] v5-sup-011f7037bf skeptical_auditor original success=True rate=3.0/s eta=152s
[546/1000] v5-sup-011f7037bf skeptical_auditor remove success=True rate=3.0/s eta=152s
[547/1000] v5-sup-011f7037bf skeptical_auditor reverse success=True rate=3.0/s eta=151s
[548/1000] v5-sup-011f7037bf skeptical_auditor substitute success=True rate=3.0/s eta=151s
[549/1000] v5-sup-011f7037bf consistency_checker original success=True rate=3.0/s eta=151s
[550/1000] v5-sup-011f7037bf consistency_checker remove success=True rate=3.0/s eta=151s
[551/1000] v5-sup-011f7037bf consistency_checker reverse success=True rate=3.0/s eta=150s
[552/1000] v5-sup-011f7037bf consistency_checker substitute success=True rate=3.0/s eta=150s
[553/1000] v5-sup-011f7037bf counterfactual_reasoner original success=True rate=3.0/s eta=150s
[554/1000] v5-sup-011f7037bf counterfactual_reasoner remove success=True rate=3.0/s eta=149s
[555/1000] v5-sup-011f7037bf counterfactual_reasoner reverse success=True rate=3.0/s eta=149s
[556/1000] v5-sup-011f7037bf counterfactual_reasoner substitute success=True rate=3.0/s eta=149s
[557/1000] v5-sup-011f7037bf minimal_judge original success=True rate=3.0/s eta=149s
[558/1000] v5-sup-011f7037bf minimal_judge remove success=True rate=3.0/s eta=148s
[559/1000] v5-sup-011f7037bf minimal_judge reverse success=True rate=3.0/s eta=148s
[560/1000] v5-sup-011f7037bf minimal_judge substitute success=True rate=3.0/s eta=148s
[561/1000] v5-sup-0124377a68 literal_evidence original success=True rate=3.0/s eta=147s
[562/1000] v5-sup-0124377a68 literal_evidence remove success=True rate=3.0/s eta=147s
[563/1000] v5-sup-0124377a68 literal_evidence reverse success=True rate=3.0/s eta=147s
[564/1000] v5-sup-0124377a68 literal_evidence substitute success=True rate=3.0/s eta=146s
[565/1000] v5-sup-0124377a68 skeptical_auditor original success=True rate=3.0/s eta=146s
[566/1000] v5-sup-0124377a68 skeptical_auditor remove success=True rate=3.0/s eta=146s
[567/1000] v5-sup-0124377a68 skeptical_auditor reverse success=True rate=3.0/s eta=146s
[568/1000] v5-sup-0124377a68 skeptical_auditor substitute success=True rate=3.0/s eta=145s
[569/1000] v5-sup-0124377a68 consistency_checker original success=True rate=3.0/s eta=145s
[570/1000] v5-sup-0124377a68 consistency_checker remove success=True rate=3.0/s eta=145s
[571/1000] v5-sup-0124377a68 consistency_checker reverse success=True rate=3.0/s eta=144s
[572/1000] v5-sup-0124377a68 consistency_checker substitute success=True rate=3.0/s eta=144s
[573/1000] v5-sup-0124377a68 counterfactual_reasoner original success=True rate=3.0/s eta=144s
[574/1000] v5-sup-0124377a68 counterfactual_reasoner remove success=True rate=3.0/s eta=143s
[575/1000] v5-sup-0124377a68 counterfactual_reasoner reverse success=True rate=3.0/s eta=143s
[576/1000] v5-sup-0124377a68 counterfactual_reasoner substitute success=True rate=3.0/s eta=143s
[577/1000] v5-sup-0124377a68 minimal_judge original success=True rate=3.0/s eta=143s
[578/1000] v5-sup-0124377a68 minimal_judge remove success=True rate=3.0/s eta=142s
[579/1000] v5-sup-0124377a68 minimal_judge reverse success=True rate=3.0/s eta=142s
[580/1000] v5-sup-0124377a68 minimal_judge substitute success=True rate=3.0/s eta=142s
[581/1000] v5-sup-01d0097296 literal_evidence original success=True rate=3.0/s eta=141s
[582/1000] v5-sup-01d0097296 literal_evidence remove success=True rate=3.0/s eta=141s
[583/1000] v5-sup-01d0097296 literal_evidence reverse success=True rate=3.0/s eta=141s
[584/1000] v5-sup-01d0097296 literal_evidence substitute success=True rate=3.0/s eta=140s
[585/1000] v5-sup-01d0097296 skeptical_auditor original success=True rate=3.0/s eta=140s
[586/1000] v5-sup-01d0097296 skeptical_auditor remove success=True rate=3.0/s eta=140s
[587/1000] v5-sup-01d0097296 skeptical_auditor reverse success=True rate=3.0/s eta=140s
[588/1000] v5-sup-01d0097296 skeptical_auditor substitute success=True rate=3.0/s eta=139s
[589/1000] v5-sup-01d0097296 consistency_checker original success=True rate=3.0/s eta=139s
[590/1000] v5-sup-01d0097296 consistency_checker remove success=True rate=3.0/s eta=139s
[591/1000] v5-sup-01d0097296 consistency_checker reverse success=True rate=3.0/s eta=138s
[592/1000] v5-sup-01d0097296 consistency_checker substitute success=True rate=3.0/s eta=138s
[593/1000] v5-sup-01d0097296 counterfactual_reasoner original success=True rate=3.0/s eta=138s
[594/1000] v5-sup-01d0097296 counterfactual_reasoner remove success=True rate=3.0/s eta=137s
[595/1000] v5-sup-01d0097296 counterfactual_reasoner reverse success=True rate=3.0/s eta=137s
[596/1000] v5-sup-01d0097296 counterfactual_reasoner substitute success=True rate=3.0/s eta=137s
[597/1000] v5-sup-01d0097296 minimal_judge original success=True rate=3.0/s eta=137s
[598/1000] v5-sup-01d0097296 minimal_judge remove success=True rate=3.0/s eta=136s
[599/1000] v5-sup-01d0097296 minimal_judge reverse success=True rate=3.0/s eta=136s
[600/1000] v5-sup-01d0097296 minimal_judge substitute success=True rate=3.0/s eta=136s
[601/1000] v5-sup-02e5bf57c3 literal_evidence original success=True rate=3.0/s eta=135s
[602/1000] v5-sup-02e5bf57c3 literal_evidence remove success=True rate=3.0/s eta=135s
[603/1000] v5-sup-02e5bf57c3 literal_evidence reverse success=True rate=3.0/s eta=135s
[604/1000] v5-sup-02e5bf57c3 literal_evidence substitute success=True rate=3.0/s eta=134s
[605/1000] v5-sup-02e5bf57c3 skeptical_auditor original success=True rate=2.9/s eta=134s
[606/1000] v5-sup-02e5bf57c3 skeptical_auditor remove success=True rate=2.9/s eta=134s
[607/1000] v5-sup-02e5bf57c3 skeptical_auditor reverse success=True rate=2.9/s eta=133s
[608/1000] v5-sup-02e5bf57c3 skeptical_auditor substitute success=True rate=2.9/s eta=133s
[609/1000] v5-sup-02e5bf57c3 consistency_checker original success=True rate=2.9/s eta=133s
[610/1000] v5-sup-02e5bf57c3 consistency_checker remove success=True rate=2.9/s eta=132s
[611/1000] v5-sup-02e5bf57c3 consistency_checker reverse success=True rate=2.9/s eta=132s
[612/1000] v5-sup-02e5bf57c3 consistency_checker substitute success=True rate=2.9/s eta=132s
[613/1000] v5-sup-02e5bf57c3 counterfactual_reasoner original success=True rate=2.9/s eta=131s
[614/1000] v5-sup-02e5bf57c3 counterfactual_reasoner remove success=True rate=2.9/s eta=131s
[615/1000] v5-sup-02e5bf57c3 counterfactual_reasoner reverse success=True rate=2.9/s eta=131s
[616/1000] v5-sup-02e5bf57c3 counterfactual_reasoner substitute success=True rate=2.9/s eta=130s
[617/1000] v5-sup-02e5bf57c3 minimal_judge original success=True rate=2.9/s eta=130s
[618/1000] v5-sup-02e5bf57c3 minimal_judge remove success=True rate=2.9/s eta=130s
[619/1000] v5-sup-02e5bf57c3 minimal_judge reverse success=True rate=2.9/s eta=129s
[620/1000] v5-sup-02e5bf57c3 minimal_judge substitute success=True rate=2.9/s eta=129s
[621/1000] v5-sup-038ef4efe2 literal_evidence original success=True rate=2.9/s eta=129s
[622/1000] v5-sup-038ef4efe2 literal_evidence remove success=True rate=2.9/s eta=128s
[623/1000] v5-sup-038ef4efe2 literal_evidence reverse success=True rate=2.9/s eta=128s
[624/1000] v5-sup-038ef4efe2 literal_evidence substitute success=True rate=2.9/s eta=128s
[625/1000] v5-sup-038ef4efe2 skeptical_auditor original success=True rate=2.9/s eta=128s
[626/1000] v5-sup-038ef4efe2 skeptical_auditor remove success=True rate=2.9/s eta=127s
[627/1000] v5-sup-038ef4efe2 skeptical_auditor reverse success=True rate=2.9/s eta=127s
[628/1000] v5-sup-038ef4efe2 skeptical_auditor substitute success=True rate=2.9/s eta=127s
[629/1000] v5-sup-038ef4efe2 consistency_checker original success=True rate=2.9/s eta=126s
[630/1000] v5-sup-038ef4efe2 consistency_checker remove success=True rate=2.9/s eta=126s
[631/1000] v5-sup-038ef4efe2 consistency_checker reverse success=True rate=2.9/s eta=126s
[632/1000] v5-sup-038ef4efe2 consistency_checker substitute success=True rate=2.9/s eta=125s
[633/1000] v5-sup-038ef4efe2 counterfactual_reasoner original success=True rate=2.9/s eta=125s
[634/1000] v5-sup-038ef4efe2 counterfactual_reasoner remove success=True rate=2.9/s eta=125s
[635/1000] v5-sup-038ef4efe2 counterfactual_reasoner reverse success=True rate=2.9/s eta=124s
[636/1000] v5-sup-038ef4efe2 counterfactual_reasoner substitute success=True rate=2.9/s eta=124s
[637/1000] v5-sup-038ef4efe2 minimal_judge original success=True rate=2.9/s eta=124s
[638/1000] v5-sup-038ef4efe2 minimal_judge remove success=True rate=2.9/s eta=123s
[639/1000] v5-sup-038ef4efe2 minimal_judge reverse success=True rate=2.9/s eta=123s
[640/1000] v5-sup-038ef4efe2 minimal_judge substitute success=True rate=2.9/s eta=123s
[641/1000] v5-sup-03bc5ce7fc literal_evidence original success=True rate=2.9/s eta=122s
[642/1000] v5-sup-03bc5ce7fc literal_evidence remove success=True rate=2.9/s eta=122s
[643/1000] v5-sup-03bc5ce7fc literal_evidence reverse success=True rate=2.9/s eta=122s
[644/1000] v5-sup-03bc5ce7fc literal_evidence substitute success=True rate=2.9/s eta=121s
[645/1000] v5-sup-03bc5ce7fc skeptical_auditor original success=True rate=2.9/s eta=121s
[646/1000] v5-sup-03bc5ce7fc skeptical_auditor remove success=True rate=2.9/s eta=121s
[647/1000] v5-sup-03bc5ce7fc skeptical_auditor reverse success=True rate=2.9/s eta=120s
[648/1000] v5-sup-03bc5ce7fc skeptical_auditor substitute success=True rate=2.9/s eta=120s
[649/1000] v5-sup-03bc5ce7fc consistency_checker original success=True rate=2.9/s eta=120s
[650/1000] v5-sup-03bc5ce7fc consistency_checker remove success=True rate=2.9/s eta=119s
[651/1000] v5-sup-03bc5ce7fc consistency_checker reverse success=True rate=2.9/s eta=119s
[652/1000] v5-sup-03bc5ce7fc consistency_checker substitute success=True rate=2.9/s eta=119s
[653/1000] v5-sup-03bc5ce7fc counterfactual_reasoner original success=True rate=2.9/s eta=118s
[654/1000] v5-sup-03bc5ce7fc counterfactual_reasoner remove success=True rate=2.9/s eta=118s
[655/1000] v5-sup-03bc5ce7fc counterfactual_reasoner reverse success=True rate=2.9/s eta=118s
[656/1000] v5-sup-03bc5ce7fc counterfactual_reasoner substitute success=True rate=2.9/s eta=117s
[657/1000] v5-sup-03bc5ce7fc minimal_judge original success=True rate=2.9/s eta=117s
[658/1000] v5-sup-03bc5ce7fc minimal_judge remove success=True rate=2.9/s eta=117s
[659/1000] v5-sup-03bc5ce7fc minimal_judge reverse success=True rate=2.9/s eta=116s
[660/1000] v5-sup-03bc5ce7fc minimal_judge substitute success=True rate=2.9/s eta=116s
[661/1000] v5-sup-03fb5c8e58 literal_evidence original success=True rate=2.9/s eta=116s
[662/1000] v5-sup-03fb5c8e58 literal_evidence remove success=True rate=2.9/s eta=115s
[663/1000] v5-sup-03fb5c8e58 literal_evidence reverse success=True rate=2.9/s eta=115s
[664/1000] v5-sup-03fb5c8e58 literal_evidence substitute success=True rate=2.9/s eta=115s
[665/1000] v5-sup-03fb5c8e58 skeptical_auditor original success=True rate=2.9/s eta=114s
[666/1000] v5-sup-03fb5c8e58 skeptical_auditor remove success=True rate=2.9/s eta=114s
[667/1000] v5-sup-03fb5c8e58 skeptical_auditor reverse success=True rate=2.9/s eta=114s
[668/1000] v5-sup-03fb5c8e58 skeptical_auditor substitute success=True rate=2.9/s eta=113s
[669/1000] v5-sup-03fb5c8e58 consistency_checker original success=True rate=2.9/s eta=113s
[670/1000] v5-sup-03fb5c8e58 consistency_checker remove success=True rate=2.9/s eta=113s
[671/1000] v5-sup-03fb5c8e58 consistency_checker reverse success=True rate=2.9/s eta=112s
[672/1000] v5-sup-03fb5c8e58 consistency_checker substitute success=True rate=2.9/s eta=112s
[673/1000] v5-sup-03fb5c8e58 counterfactual_reasoner original success=True rate=2.9/s eta=112s
[674/1000] v5-sup-03fb5c8e58 counterfactual_reasoner remove success=True rate=2.9/s eta=111s
[675/1000] v5-sup-03fb5c8e58 counterfactual_reasoner reverse success=True rate=2.9/s eta=111s
[676/1000] v5-sup-03fb5c8e58 counterfactual_reasoner substitute success=True rate=2.9/s eta=111s
[677/1000] v5-sup-03fb5c8e58 minimal_judge original success=True rate=2.9/s eta=110s
[678/1000] v5-sup-03fb5c8e58 minimal_judge remove success=True rate=2.9/s eta=110s
[679/1000] v5-sup-03fb5c8e58 minimal_judge reverse success=True rate=2.9/s eta=110s
[680/1000] v5-sup-03fb5c8e58 minimal_judge substitute success=True rate=2.9/s eta=109s
[681/1000] v5-sup-04ecc26709 literal_evidence original success=True rate=2.9/s eta=109s
[682/1000] v5-sup-04ecc26709 literal_evidence remove success=True rate=2.9/s eta=108s
[683/1000] v5-sup-04ecc26709 literal_evidence reverse success=True rate=2.9/s eta=108s
[684/1000] v5-sup-04ecc26709 literal_evidence substitute success=True rate=2.9/s eta=108s
[685/1000] v5-sup-04ecc26709 skeptical_auditor original success=True rate=2.9/s eta=108s
[686/1000] v5-sup-04ecc26709 skeptical_auditor remove success=True rate=2.9/s eta=107s
[687/1000] v5-sup-04ecc26709 skeptical_auditor reverse success=True rate=2.9/s eta=107s
[688/1000] v5-sup-04ecc26709 skeptical_auditor substitute success=True rate=2.9/s eta=107s
[689/1000] v5-sup-04ecc26709 consistency_checker original success=True rate=2.9/s eta=106s
[690/1000] v5-sup-04ecc26709 consistency_checker remove success=True rate=2.9/s eta=106s
[691/1000] v5-sup-04ecc26709 consistency_checker reverse success=True rate=2.9/s eta=106s
[692/1000] v5-sup-04ecc26709 consistency_checker substitute success=True rate=2.9/s eta=105s
[693/1000] v5-sup-04ecc26709 counterfactual_reasoner original success=True rate=2.9/s eta=105s
[694/1000] v5-sup-04ecc26709 counterfactual_reasoner remove success=True rate=2.9/s eta=105s
[695/1000] v5-sup-04ecc26709 counterfactual_reasoner reverse success=True rate=2.9/s eta=104s
[696/1000] v5-sup-04ecc26709 counterfactual_reasoner substitute success=True rate=2.9/s eta=104s
[697/1000] v5-sup-04ecc26709 minimal_judge original success=True rate=2.9/s eta=104s
[698/1000] v5-sup-04ecc26709 minimal_judge remove success=True rate=2.9/s eta=103s
[699/1000] v5-sup-04ecc26709 minimal_judge reverse success=True rate=2.9/s eta=103s
[700/1000] v5-sup-04ecc26709 minimal_judge substitute success=True rate=2.9/s eta=103s
[701/1000] v5-sup-0526215597 literal_evidence original success=True rate=2.9/s eta=102s
[702/1000] v5-sup-0526215597 literal_evidence remove success=True rate=2.9/s eta=102s
[703/1000] v5-sup-0526215597 literal_evidence reverse success=True rate=2.9/s eta=102s
[704/1000] v5-sup-0526215597 literal_evidence substitute success=True rate=2.9/s eta=101s
[705/1000] v5-sup-0526215597 skeptical_auditor original success=True rate=2.9/s eta=101s
[706/1000] v5-sup-0526215597 skeptical_auditor remove success=True rate=2.9/s eta=101s
[707/1000] v5-sup-0526215597 skeptical_auditor reverse success=True rate=2.9/s eta=100s
[708/1000] v5-sup-0526215597 skeptical_auditor substitute success=True rate=2.9/s eta=100s
[709/1000] v5-sup-0526215597 consistency_checker original success=True rate=2.9/s eta=100s
[710/1000] v5-sup-0526215597 consistency_checker remove success=True rate=2.9/s eta=99s
[711/1000] v5-sup-0526215597 consistency_checker reverse success=True rate=2.9/s eta=99s
[712/1000] v5-sup-0526215597 consistency_checker substitute success=True rate=2.9/s eta=99s
[713/1000] v5-sup-0526215597 counterfactual_reasoner original success=True rate=2.9/s eta=98s
[714/1000] v5-sup-0526215597 counterfactual_reasoner remove success=True rate=2.9/s eta=98s
[715/1000] v5-sup-0526215597 counterfactual_reasoner reverse success=True rate=2.9/s eta=98s
[716/1000] v5-sup-0526215597 counterfactual_reasoner substitute success=True rate=2.9/s eta=97s
[717/1000] v5-sup-0526215597 minimal_judge original success=True rate=2.9/s eta=97s
[718/1000] v5-sup-0526215597 minimal_judge remove success=True rate=2.9/s eta=97s
[719/1000] v5-sup-0526215597 minimal_judge reverse success=True rate=2.9/s eta=96s
[720/1000] v5-sup-0526215597 minimal_judge substitute success=True rate=2.9/s eta=96s
[721/1000] v5-sup-0532780cb5 literal_evidence original success=True rate=2.9/s eta=96s
[722/1000] v5-sup-0532780cb5 literal_evidence remove success=True rate=2.9/s eta=95s
[723/1000] v5-sup-0532780cb5 literal_evidence reverse success=True rate=2.9/s eta=95s
[724/1000] v5-sup-0532780cb5 literal_evidence substitute success=True rate=2.9/s eta=95s
[725/1000] v5-sup-0532780cb5 skeptical_auditor original success=True rate=2.9/s eta=94s
[726/1000] v5-sup-0532780cb5 skeptical_auditor remove success=True rate=2.9/s eta=94s
[727/1000] v5-sup-0532780cb5 skeptical_auditor reverse success=True rate=2.9/s eta=94s
[728/1000] v5-sup-0532780cb5 skeptical_auditor substitute success=True rate=2.9/s eta=93s
[729/1000] v5-sup-0532780cb5 consistency_checker original success=True rate=2.9/s eta=93s
[730/1000] v5-sup-0532780cb5 consistency_checker remove success=True rate=2.9/s eta=93s
[731/1000] v5-sup-0532780cb5 consistency_checker reverse success=True rate=2.9/s eta=92s
[732/1000] v5-sup-0532780cb5 consistency_checker substitute success=True rate=2.9/s eta=92s
[733/1000] v5-sup-0532780cb5 counterfactual_reasoner original success=True rate=2.9/s eta=92s
[734/1000] v5-sup-0532780cb5 counterfactual_reasoner remove success=True rate=2.9/s eta=91s
[735/1000] v5-sup-0532780cb5 counterfactual_reasoner reverse success=True rate=2.9/s eta=91s
[736/1000] v5-sup-0532780cb5 counterfactual_reasoner substitute success=True rate=2.9/s eta=90s
[737/1000] v5-sup-0532780cb5 minimal_judge original success=True rate=2.9/s eta=90s
[738/1000] v5-sup-0532780cb5 minimal_judge remove success=True rate=2.9/s eta=90s
[739/1000] v5-sup-0532780cb5 minimal_judge reverse success=True rate=2.9/s eta=89s
[740/1000] v5-sup-0532780cb5 minimal_judge substitute success=True rate=2.9/s eta=89s
[741/1000] v5-sup-05eb9c9c8a literal_evidence original success=True rate=2.9/s eta=89s
[742/1000] v5-sup-05eb9c9c8a literal_evidence remove success=True rate=2.9/s eta=88s
[743/1000] v5-sup-05eb9c9c8a literal_evidence reverse success=True rate=2.9/s eta=88s
[744/1000] v5-sup-05eb9c9c8a literal_evidence substitute success=True rate=2.9/s eta=88s
[745/1000] v5-sup-05eb9c9c8a skeptical_auditor original success=True rate=2.9/s eta=87s
[746/1000] v5-sup-05eb9c9c8a skeptical_auditor remove success=True rate=2.9/s eta=87s
[747/1000] v5-sup-05eb9c9c8a skeptical_auditor reverse success=True rate=2.9/s eta=87s
[748/1000] v5-sup-05eb9c9c8a skeptical_auditor substitute success=True rate=2.9/s eta=87s
[749/1000] v5-sup-05eb9c9c8a consistency_checker original success=True rate=2.9/s eta=86s
[750/1000] v5-sup-05eb9c9c8a consistency_checker remove success=True rate=2.9/s eta=86s
[751/1000] v5-sup-05eb9c9c8a consistency_checker reverse success=True rate=2.9/s eta=85s
[752/1000] v5-sup-05eb9c9c8a consistency_checker substitute success=True rate=2.9/s eta=85s
[753/1000] v5-sup-05eb9c9c8a counterfactual_reasoner original success=True rate=2.9/s eta=85s
[754/1000] v5-sup-05eb9c9c8a counterfactual_reasoner remove success=True rate=2.9/s eta=84s
[755/1000] v5-sup-05eb9c9c8a counterfactual_reasoner reverse success=True rate=2.9/s eta=84s
[756/1000] v5-sup-05eb9c9c8a counterfactual_reasoner substitute success=True rate=2.9/s eta=84s
[757/1000] v5-sup-05eb9c9c8a minimal_judge original success=True rate=2.9/s eta=84s
[758/1000] v5-sup-05eb9c9c8a minimal_judge remove success=True rate=2.9/s eta=83s
[759/1000] v5-sup-05eb9c9c8a minimal_judge reverse success=True rate=2.9/s eta=83s
[760/1000] v5-sup-05eb9c9c8a minimal_judge substitute success=True rate=2.9/s eta=83s
[761/1000] v5-sup-065c55c5f9 literal_evidence original success=True rate=2.9/s eta=82s
[762/1000] v5-sup-065c55c5f9 literal_evidence remove success=True rate=2.9/s eta=82s
[763/1000] v5-sup-065c55c5f9 literal_evidence reverse success=True rate=2.9/s eta=81s
[764/1000] v5-sup-065c55c5f9 literal_evidence substitute success=True rate=2.9/s eta=81s
[765/1000] v5-sup-065c55c5f9 skeptical_auditor original success=True rate=2.9/s eta=81s
[766/1000] v5-sup-065c55c5f9 skeptical_auditor remove success=True rate=2.9/s eta=80s
[767/1000] v5-sup-065c55c5f9 skeptical_auditor reverse success=True rate=2.9/s eta=80s
[768/1000] v5-sup-065c55c5f9 skeptical_auditor substitute success=True rate=2.9/s eta=80s
[769/1000] v5-sup-065c55c5f9 consistency_checker original success=True rate=2.9/s eta=79s
[770/1000] v5-sup-065c55c5f9 consistency_checker remove success=True rate=2.9/s eta=79s
[771/1000] v5-sup-065c55c5f9 consistency_checker reverse success=True rate=2.9/s eta=79s
[772/1000] v5-sup-065c55c5f9 consistency_checker substitute success=True rate=2.9/s eta=78s
[773/1000] v5-sup-065c55c5f9 counterfactual_reasoner original success=True rate=2.9/s eta=78s
[774/1000] v5-sup-065c55c5f9 counterfactual_reasoner remove success=True rate=2.9/s eta=78s
[775/1000] v5-sup-065c55c5f9 counterfactual_reasoner reverse success=True rate=2.9/s eta=77s
[776/1000] v5-sup-065c55c5f9 counterfactual_reasoner substitute success=True rate=2.9/s eta=77s
[777/1000] v5-sup-065c55c5f9 minimal_judge original success=True rate=2.9/s eta=77s
[778/1000] v5-sup-065c55c5f9 minimal_judge remove success=True rate=2.9/s eta=76s
[779/1000] v5-sup-065c55c5f9 minimal_judge reverse success=True rate=2.9/s eta=76s
[780/1000] v5-sup-065c55c5f9 minimal_judge substitute success=True rate=2.9/s eta=76s
[781/1000] v5-sup-069b1e69f6 literal_evidence original success=True rate=2.9/s eta=75s
[782/1000] v5-sup-069b1e69f6 literal_evidence remove success=True rate=2.9/s eta=75s
[783/1000] v5-sup-069b1e69f6 literal_evidence reverse success=True rate=2.9/s eta=75s
[784/1000] v5-sup-069b1e69f6 literal_evidence substitute success=True rate=2.9/s eta=74s
[785/1000] v5-sup-069b1e69f6 skeptical_auditor original success=True rate=2.9/s eta=74s
[786/1000] v5-sup-069b1e69f6 skeptical_auditor remove success=True rate=2.9/s eta=74s
[787/1000] v5-sup-069b1e69f6 skeptical_auditor reverse success=True rate=2.9/s eta=73s
[788/1000] v5-sup-069b1e69f6 skeptical_auditor substitute success=True rate=2.9/s eta=73s
[789/1000] v5-sup-069b1e69f6 consistency_checker original success=True rate=2.9/s eta=73s
[790/1000] v5-sup-069b1e69f6 consistency_checker remove success=True rate=2.9/s eta=72s
[791/1000] v5-sup-069b1e69f6 consistency_checker reverse success=True rate=2.9/s eta=72s
[792/1000] v5-sup-069b1e69f6 consistency_checker substitute success=True rate=2.9/s eta=72s
[793/1000] v5-sup-069b1e69f6 counterfactual_reasoner original success=True rate=2.9/s eta=71s
[794/1000] v5-sup-069b1e69f6 counterfactual_reasoner remove success=True rate=2.9/s eta=71s
[795/1000] v5-sup-069b1e69f6 counterfactual_reasoner reverse success=True rate=2.9/s eta=71s
[796/1000] v5-sup-069b1e69f6 counterfactual_reasoner substitute success=True rate=2.9/s eta=70s
[797/1000] v5-sup-069b1e69f6 minimal_judge original success=True rate=2.9/s eta=70s
[798/1000] v5-sup-069b1e69f6 minimal_judge remove success=True rate=2.9/s eta=70s
[799/1000] v5-sup-069b1e69f6 minimal_judge reverse success=True rate=2.9/s eta=69s
[800/1000] v5-sup-069b1e69f6 minimal_judge substitute success=True rate=2.9/s eta=69s
[801/1000] v5-sup-07039a6629 literal_evidence original success=True rate=2.9/s eta=69s
[802/1000] v5-sup-07039a6629 literal_evidence remove success=True rate=2.9/s eta=68s
[803/1000] v5-sup-07039a6629 literal_evidence reverse success=True rate=2.9/s eta=68s
[804/1000] v5-sup-07039a6629 literal_evidence substitute success=True rate=2.9/s eta=68s
[805/1000] v5-sup-07039a6629 skeptical_auditor original success=True rate=2.9/s eta=67s
[806/1000] v5-sup-07039a6629 skeptical_auditor remove success=True rate=2.9/s eta=67s
[807/1000] v5-sup-07039a6629 skeptical_auditor reverse success=True rate=2.9/s eta=67s
[808/1000] v5-sup-07039a6629 skeptical_auditor substitute success=True rate=2.9/s eta=66s
[809/1000] v5-sup-07039a6629 consistency_checker original success=True rate=2.9/s eta=66s
[810/1000] v5-sup-07039a6629 consistency_checker remove success=True rate=2.9/s eta=66s
[811/1000] v5-sup-07039a6629 consistency_checker reverse success=True rate=2.9/s eta=65s
[812/1000] v5-sup-07039a6629 consistency_checker substitute success=True rate=2.9/s eta=65s
[813/1000] v5-sup-07039a6629 counterfactual_reasoner original success=True rate=2.9/s eta=65s
[814/1000] v5-sup-07039a6629 counterfactual_reasoner remove success=True rate=2.9/s eta=64s
[815/1000] v5-sup-07039a6629 counterfactual_reasoner reverse success=True rate=2.9/s eta=64s
[816/1000] v5-sup-07039a6629 counterfactual_reasoner substitute success=True rate=2.9/s eta=64s
[817/1000] v5-sup-07039a6629 minimal_judge original success=True rate=2.9/s eta=63s
[818/1000] v5-sup-07039a6629 minimal_judge remove success=True rate=2.9/s eta=63s
[819/1000] v5-sup-07039a6629 minimal_judge reverse success=True rate=2.9/s eta=63s
[820/1000] v5-sup-07039a6629 minimal_judge substitute success=True rate=2.9/s eta=62s
[821/1000] v5-sup-071faf1b6b literal_evidence original success=True rate=2.9/s eta=62s
[822/1000] v5-sup-071faf1b6b literal_evidence remove success=True rate=2.9/s eta=62s
[823/1000] v5-sup-071faf1b6b literal_evidence reverse success=True rate=2.9/s eta=61s
[824/1000] v5-sup-071faf1b6b literal_evidence substitute success=True rate=2.9/s eta=61s
[825/1000] v5-sup-071faf1b6b skeptical_auditor original success=True rate=2.9/s eta=61s
[826/1000] v5-sup-071faf1b6b skeptical_auditor remove success=True rate=2.9/s eta=60s
[827/1000] v5-sup-071faf1b6b skeptical_auditor reverse success=True rate=2.9/s eta=60s
[828/1000] v5-sup-071faf1b6b skeptical_auditor substitute success=True rate=2.9/s eta=59s
[829/1000] v5-sup-071faf1b6b consistency_checker original success=True rate=2.9/s eta=59s
[830/1000] v5-sup-071faf1b6b consistency_checker remove success=True rate=2.9/s eta=59s
[831/1000] v5-sup-071faf1b6b consistency_checker reverse success=True rate=2.9/s eta=58s
[832/1000] v5-sup-071faf1b6b consistency_checker substitute success=True rate=2.9/s eta=58s
[833/1000] v5-sup-071faf1b6b counterfactual_reasoner original success=True rate=2.9/s eta=58s
[834/1000] v5-sup-071faf1b6b counterfactual_reasoner remove success=True rate=2.9/s eta=57s
[835/1000] v5-sup-071faf1b6b counterfactual_reasoner reverse success=True rate=2.9/s eta=57s
[836/1000] v5-sup-071faf1b6b counterfactual_reasoner substitute success=True rate=2.9/s eta=57s
[837/1000] v5-sup-071faf1b6b minimal_judge original success=True rate=2.9/s eta=56s
[838/1000] v5-sup-071faf1b6b minimal_judge remove success=True rate=2.9/s eta=56s
[839/1000] v5-sup-071faf1b6b minimal_judge reverse success=True rate=2.9/s eta=56s
[840/1000] v5-sup-071faf1b6b minimal_judge substitute success=True rate=2.9/s eta=55s
[841/1000] v5-sup-07413a43ff literal_evidence original success=True rate=2.9/s eta=55s
[842/1000] v5-sup-07413a43ff literal_evidence remove success=True rate=2.9/s eta=55s
[843/1000] v5-sup-07413a43ff literal_evidence reverse success=True rate=2.9/s eta=54s
[844/1000] v5-sup-07413a43ff literal_evidence substitute success=True rate=2.9/s eta=54s
[845/1000] v5-sup-07413a43ff skeptical_auditor original success=True rate=2.9/s eta=54s
[846/1000] v5-sup-07413a43ff skeptical_auditor remove success=True rate=2.9/s eta=53s
[847/1000] v5-sup-07413a43ff skeptical_auditor reverse success=True rate=2.9/s eta=53s
[848/1000] v5-sup-07413a43ff skeptical_auditor substitute success=True rate=2.9/s eta=53s
[849/1000] v5-sup-07413a43ff consistency_checker original success=True rate=2.9/s eta=52s
[850/1000] v5-sup-07413a43ff consistency_checker remove success=True rate=2.9/s eta=52s
[851/1000] v5-sup-07413a43ff consistency_checker reverse success=True rate=2.9/s eta=52s
[852/1000] v5-sup-07413a43ff consistency_checker substitute success=True rate=2.9/s eta=51s
[853/1000] v5-sup-07413a43ff counterfactual_reasoner original success=True rate=2.9/s eta=51s
[854/1000] v5-sup-07413a43ff counterfactual_reasoner remove success=True rate=2.9/s eta=51s
[855/1000] v5-sup-07413a43ff counterfactual_reasoner reverse success=True rate=2.9/s eta=50s
[856/1000] v5-sup-07413a43ff counterfactual_reasoner substitute success=True rate=2.9/s eta=50s
[857/1000] v5-sup-07413a43ff minimal_judge original success=True rate=2.9/s eta=50s
[858/1000] v5-sup-07413a43ff minimal_judge remove success=True rate=2.9/s eta=49s
[859/1000] v5-sup-07413a43ff minimal_judge reverse success=True rate=2.9/s eta=49s
[860/1000] v5-sup-07413a43ff minimal_judge substitute success=True rate=2.9/s eta=49s
[861/1000] v5-sup-0789590583 literal_evidence original success=True rate=2.9/s eta=48s
[862/1000] v5-sup-0789590583 literal_evidence remove success=True rate=2.9/s eta=48s
[863/1000] v5-sup-0789590583 literal_evidence reverse success=True rate=2.9/s eta=48s
[864/1000] v5-sup-0789590583 literal_evidence substitute success=True rate=2.9/s eta=47s
[865/1000] v5-sup-0789590583 skeptical_auditor original success=True rate=2.9/s eta=47s
[866/1000] v5-sup-0789590583 skeptical_auditor remove success=True rate=2.9/s eta=47s
[867/1000] v5-sup-0789590583 skeptical_auditor reverse success=True rate=2.9/s eta=46s
[868/1000] v5-sup-0789590583 skeptical_auditor substitute success=True rate=2.9/s eta=46s
[869/1000] v5-sup-0789590583 consistency_checker original success=True rate=2.9/s eta=45s
[870/1000] v5-sup-0789590583 consistency_checker remove success=True rate=2.9/s eta=45s
[871/1000] v5-sup-0789590583 consistency_checker reverse success=True rate=2.9/s eta=45s
[872/1000] v5-sup-0789590583 consistency_checker substitute success=True rate=2.9/s eta=44s
[873/1000] v5-sup-0789590583 counterfactual_reasoner original success=True rate=2.9/s eta=44s
[874/1000] v5-sup-0789590583 counterfactual_reasoner remove success=True rate=2.9/s eta=44s
[875/1000] v5-sup-0789590583 counterfactual_reasoner reverse success=True rate=2.9/s eta=43s
[876/1000] v5-sup-0789590583 counterfactual_reasoner substitute success=True rate=2.9/s eta=43s
[877/1000] v5-sup-0789590583 minimal_judge original success=True rate=2.9/s eta=43s
[878/1000] v5-sup-0789590583 minimal_judge remove success=True rate=2.9/s eta=42s
[879/1000] v5-sup-0789590583 minimal_judge reverse success=True rate=2.9/s eta=42s
[880/1000] v5-sup-0789590583 minimal_judge substitute success=True rate=2.9/s eta=42s
[881/1000] v5-sup-086fd43e5d literal_evidence original success=True rate=2.9/s eta=41s
[882/1000] v5-sup-086fd43e5d literal_evidence remove success=True rate=2.9/s eta=41s
[883/1000] v5-sup-086fd43e5d literal_evidence reverse success=True rate=2.9/s eta=41s
[884/1000] v5-sup-086fd43e5d literal_evidence substitute success=True rate=2.9/s eta=40s
[885/1000] v5-sup-086fd43e5d skeptical_auditor original success=True rate=2.9/s eta=40s
[886/1000] v5-sup-086fd43e5d skeptical_auditor remove success=True rate=2.9/s eta=40s
[887/1000] v5-sup-086fd43e5d skeptical_auditor reverse success=True rate=2.9/s eta=39s
[888/1000] v5-sup-086fd43e5d skeptical_auditor substitute success=True rate=2.9/s eta=39s
[889/1000] v5-sup-086fd43e5d consistency_checker original success=True rate=2.9/s eta=39s
[890/1000] v5-sup-086fd43e5d consistency_checker remove success=True rate=2.9/s eta=38s
[891/1000] v5-sup-086fd43e5d consistency_checker reverse success=True rate=2.9/s eta=38s
[892/1000] v5-sup-086fd43e5d consistency_checker substitute success=True rate=2.9/s eta=38s
[893/1000] v5-sup-086fd43e5d counterfactual_reasoner original success=True rate=2.9/s eta=37s
[894/1000] v5-sup-086fd43e5d counterfactual_reasoner remove success=True rate=2.9/s eta=37s
[895/1000] v5-sup-086fd43e5d counterfactual_reasoner reverse success=True rate=2.9/s eta=37s
[896/1000] v5-sup-086fd43e5d counterfactual_reasoner substitute success=True rate=2.9/s eta=36s
[897/1000] v5-sup-086fd43e5d minimal_judge original success=True rate=2.9/s eta=36s
[898/1000] v5-sup-086fd43e5d minimal_judge remove success=True rate=2.9/s eta=35s
[899/1000] v5-sup-086fd43e5d minimal_judge reverse success=True rate=2.9/s eta=35s
[900/1000] v5-sup-086fd43e5d minimal_judge substitute success=True rate=2.9/s eta=35s
[901/1000] v5-sup-08e8b3f404 literal_evidence original success=True rate=2.9/s eta=34s
[902/1000] v5-sup-08e8b3f404 literal_evidence remove success=True rate=2.9/s eta=34s
[903/1000] v5-sup-08e8b3f404 literal_evidence reverse success=True rate=2.9/s eta=34s
[904/1000] v5-sup-08e8b3f404 literal_evidence substitute success=True rate=2.9/s eta=33s
[905/1000] v5-sup-08e8b3f404 skeptical_auditor original success=True rate=2.9/s eta=33s
[906/1000] v5-sup-08e8b3f404 skeptical_auditor remove success=True rate=2.9/s eta=33s
[907/1000] v5-sup-08e8b3f404 skeptical_auditor reverse success=True rate=2.9/s eta=32s
[908/1000] v5-sup-08e8b3f404 skeptical_auditor substitute success=True rate=2.9/s eta=32s
[909/1000] v5-sup-08e8b3f404 consistency_checker original success=True rate=2.9/s eta=32s
[910/1000] v5-sup-08e8b3f404 consistency_checker remove success=True rate=2.9/s eta=31s
[911/1000] v5-sup-08e8b3f404 consistency_checker reverse success=True rate=2.9/s eta=31s
[912/1000] v5-sup-08e8b3f404 consistency_checker substitute success=True rate=2.9/s eta=31s
[913/1000] v5-sup-08e8b3f404 counterfactual_reasoner original success=True rate=2.9/s eta=30s
[914/1000] v5-sup-08e8b3f404 counterfactual_reasoner remove success=True rate=2.9/s eta=30s
[915/1000] v5-sup-08e8b3f404 counterfactual_reasoner reverse success=True rate=2.9/s eta=30s
[916/1000] v5-sup-08e8b3f404 counterfactual_reasoner substitute success=True rate=2.9/s eta=29s
[917/1000] v5-sup-08e8b3f404 minimal_judge original success=True rate=2.9/s eta=29s
[918/1000] v5-sup-08e8b3f404 minimal_judge remove success=True rate=2.9/s eta=29s
[919/1000] v5-sup-08e8b3f404 minimal_judge reverse success=True rate=2.9/s eta=28s
[920/1000] v5-sup-08e8b3f404 minimal_judge substitute success=True rate=2.9/s eta=28s
[921/1000] v5-sup-08ece88e62 literal_evidence original success=True rate=2.9/s eta=28s
[922/1000] v5-sup-08ece88e62 literal_evidence remove success=True rate=2.9/s eta=27s
[923/1000] v5-sup-08ece88e62 literal_evidence reverse success=True rate=2.9/s eta=27s
[924/1000] v5-sup-08ece88e62 literal_evidence substitute success=True rate=2.9/s eta=27s
[925/1000] v5-sup-08ece88e62 skeptical_auditor original success=True rate=2.9/s eta=26s
[926/1000] v5-sup-08ece88e62 skeptical_auditor remove success=True rate=2.9/s eta=26s
[927/1000] v5-sup-08ece88e62 skeptical_auditor reverse success=True rate=2.9/s eta=25s
[928/1000] v5-sup-08ece88e62 skeptical_auditor substitute success=True rate=2.9/s eta=25s
[929/1000] v5-sup-08ece88e62 consistency_checker original success=True rate=2.9/s eta=25s
[930/1000] v5-sup-08ece88e62 consistency_checker remove success=True rate=2.9/s eta=24s
[931/1000] v5-sup-08ece88e62 consistency_checker reverse success=True rate=2.9/s eta=24s
[932/1000] v5-sup-08ece88e62 consistency_checker substitute success=True rate=2.9/s eta=24s
[933/1000] v5-sup-08ece88e62 counterfactual_reasoner original success=True rate=2.9/s eta=23s
[934/1000] v5-sup-08ece88e62 counterfactual_reasoner remove success=True rate=2.9/s eta=23s
[935/1000] v5-sup-08ece88e62 counterfactual_reasoner reverse success=True rate=2.9/s eta=23s
[936/1000] v5-sup-08ece88e62 counterfactual_reasoner substitute success=True rate=2.9/s eta=22s
[937/1000] v5-sup-08ece88e62 minimal_judge original success=True rate=2.9/s eta=22s
[938/1000] v5-sup-08ece88e62 minimal_judge remove success=True rate=2.9/s eta=22s
[939/1000] v5-sup-08ece88e62 minimal_judge reverse success=True rate=2.9/s eta=21s
[940/1000] v5-sup-08ece88e62 minimal_judge substitute success=True rate=2.9/s eta=21s
[941/1000] v5-sup-08f8b9ac30 literal_evidence original success=True rate=2.9/s eta=21s
[942/1000] v5-sup-08f8b9ac30 literal_evidence remove success=True rate=2.9/s eta=20s
[943/1000] v5-sup-08f8b9ac30 literal_evidence reverse success=True rate=2.9/s eta=20s
[944/1000] v5-sup-08f8b9ac30 literal_evidence substitute success=True rate=2.9/s eta=20s
[945/1000] v5-sup-08f8b9ac30 skeptical_auditor original success=True rate=2.9/s eta=19s
[946/1000] v5-sup-08f8b9ac30 skeptical_auditor remove success=True rate=2.9/s eta=19s
[947/1000] v5-sup-08f8b9ac30 skeptical_auditor reverse success=True rate=2.9/s eta=19s
[948/1000] v5-sup-08f8b9ac30 skeptical_auditor substitute success=True rate=2.9/s eta=18s
[949/1000] v5-sup-08f8b9ac30 consistency_checker original success=True rate=2.9/s eta=18s
[950/1000] v5-sup-08f8b9ac30 consistency_checker remove success=True rate=2.9/s eta=17s
[951/1000] v5-sup-08f8b9ac30 consistency_checker reverse success=True rate=2.9/s eta=17s
[952/1000] v5-sup-08f8b9ac30 consistency_checker substitute success=True rate=2.9/s eta=17s
[953/1000] v5-sup-08f8b9ac30 counterfactual_reasoner original success=True rate=2.9/s eta=16s
[954/1000] v5-sup-08f8b9ac30 counterfactual_reasoner remove success=True rate=2.9/s eta=16s
[955/1000] v5-sup-08f8b9ac30 counterfactual_reasoner reverse success=True rate=2.9/s eta=16s
[956/1000] v5-sup-08f8b9ac30 counterfactual_reasoner substitute success=True rate=2.9/s eta=15s
[957/1000] v5-sup-08f8b9ac30 minimal_judge original success=True rate=2.9/s eta=15s
[958/1000] v5-sup-08f8b9ac30 minimal_judge remove success=True rate=2.9/s eta=15s
[959/1000] v5-sup-08f8b9ac30 minimal_judge reverse success=True rate=2.9/s eta=14s
[960/1000] v5-sup-08f8b9ac30 minimal_judge substitute success=True rate=2.9/s eta=14s
[961/1000] v5-sup-0929669aa9 literal_evidence original success=True rate=2.9/s eta=14s
[962/1000] v5-sup-0929669aa9 literal_evidence remove success=True rate=2.9/s eta=13s
[963/1000] v5-sup-0929669aa9 literal_evidence reverse success=True rate=2.9/s eta=13s
[964/1000] v5-sup-0929669aa9 literal_evidence substitute success=True rate=2.9/s eta=13s
[965/1000] v5-sup-0929669aa9 skeptical_auditor original success=True rate=2.9/s eta=12s
[966/1000] v5-sup-0929669aa9 skeptical_auditor remove success=True rate=2.9/s eta=12s
[967/1000] v5-sup-0929669aa9 skeptical_auditor reverse success=True rate=2.9/s eta=12s
[968/1000] v5-sup-0929669aa9 skeptical_auditor substitute success=True rate=2.9/s eta=11s
[969/1000] v5-sup-0929669aa9 consistency_checker original success=True rate=2.9/s eta=11s
[970/1000] v5-sup-0929669aa9 consistency_checker remove success=True rate=2.9/s eta=10s
[971/1000] v5-sup-0929669aa9 consistency_checker reverse success=True rate=2.9/s eta=10s
[972/1000] v5-sup-0929669aa9 consistency_checker substitute success=True rate=2.9/s eta=10s
[973/1000] v5-sup-0929669aa9 counterfactual_reasoner original success=True rate=2.9/s eta=9s
[974/1000] v5-sup-0929669aa9 counterfactual_reasoner remove success=True rate=2.9/s eta=9s
[975/1000] v5-sup-0929669aa9 counterfactual_reasoner reverse success=True rate=2.9/s eta=9s
[976/1000] v5-sup-0929669aa9 counterfactual_reasoner substitute success=True rate=2.9/s eta=8s
[977/1000] v5-sup-0929669aa9 minimal_judge original success=True rate=2.9/s eta=8s
[978/1000] v5-sup-0929669aa9 minimal_judge remove success=True rate=2.9/s eta=8s
[979/1000] v5-sup-0929669aa9 minimal_judge reverse success=True rate=2.9/s eta=7s
[980/1000] v5-sup-0929669aa9 minimal_judge substitute success=True rate=2.9/s eta=7s
[981/1000] v5-sup-093d1c158f literal_evidence original success=True rate=2.9/s eta=7s
[982/1000] v5-sup-093d1c158f literal_evidence remove success=True rate=2.9/s eta=6s
[983/1000] v5-sup-093d1c158f literal_evidence reverse success=True rate=2.9/s eta=6s
[984/1000] v5-sup-093d1c158f literal_evidence substitute success=True rate=2.9/s eta=6s
[985/1000] v5-sup-093d1c158f skeptical_auditor original success=True rate=2.9/s eta=5s
[986/1000] v5-sup-093d1c158f skeptical_auditor remove success=True rate=2.9/s eta=5s
[987/1000] v5-sup-093d1c158f skeptical_auditor reverse success=True rate=2.9/s eta=5s
[988/1000] v5-sup-093d1c158f skeptical_auditor substitute success=True rate=2.9/s eta=4s
[989/1000] v5-sup-093d1c158f consistency_checker original success=True rate=2.9/s eta=4s
[990/1000] v5-sup-093d1c158f consistency_checker remove success=True rate=2.9/s eta=3s
[991/1000] v5-sup-093d1c158f consistency_checker reverse success=True rate=2.9/s eta=3s
[992/1000] v5-sup-093d1c158f consistency_checker substitute success=True rate=2.9/s eta=3s
[993/1000] v5-sup-093d1c158f counterfactual_reasoner original success=True rate=2.9/s eta=2s
[994/1000] v5-sup-093d1c158f counterfactual_reasoner remove success=True rate=2.9/s eta=2s
[995/1000] v5-sup-093d1c158f counterfactual_reasoner reverse success=True rate=2.9/s eta=2s
[996/1000] v5-sup-093d1c158f counterfactual_reasoner substitute success=True rate=2.9/s eta=1s
[997/1000] v5-sup-093d1c158f minimal_judge original success=True rate=2.9/s eta=1s
[998/1000] v5-sup-093d1c158f minimal_judge remove success=True rate=2.9/s eta=1s
[999/1000] v5-sup-093d1c158f minimal_judge reverse success=True rate=2.9/s eta=0s
[1000/1000] v5-sup-093d1c158f minimal_judge substitute success=True rate=2.9/s eta=0s
